LCD.c:28:6:LCD_Set4	24	static
LCD.c:70:6:LCD_Set8	24	static
LCD.c:113:7:LCD_Command4Send	24	static
LCD.c:128:7:LCD_CommandSend	16	static
LCD.c:136:7:LCD_write	24	static
LCD.c:179:6:LCD_RS_State	16	static
LCD.c:186:6:LCD_E_State	8	static
LCD.c:194:6:LCD_TIM_Config	40	static
LCD.c:229:6:LCD_TIM_MicroSecDelay	16	static
LCD.c:237:6:LCD_setCursor	24	static
LCD.c:251:6:LCD_1stLine	8	static
LCD.c:255:6:LCD_2ndLine	8	static
LCD.c:259:6:LCD_print	24	static
LCD.c:266:6:LCD_writeData	16	static
LCD.c:273:6:LCD_Clear	8	static
LCD.c:279:6:LCD_cursorOff	8	static
LCD.c:284:6:LCD_noBlink	8	static
