11:11:59 **** Incremental Build of configuration Debug for project Class_C ****
make -j8 all 
arm-none-eabi-gcc "../Core/Src/main.c" -mcpu=cortex-m4 -std=gnu11 -g3 -DDEBUG -DUSE_HAL_DRIVER -DSTM32F407xx -c -I../Core/Inc -I../Drivers/STM32F4xx_HAL_Driver/Inc -I../Drivers/STM32F4xx_HAL_Driver/Inc/Legacy -I../Drivers/CMSIS/Device/ST/STM32F4xx/Include -I../Drivers/CMSIS/Include -O0 -ffunction-sections -fdata-sections -Wall -fstack-usage -MMD -MP -MF"Core/Src/main.d" -MT"Core/Src/main.o" --specs=nano.specs -mfpu=fpv4-sp-d16 -mfloat-abi=hard -mthumb -o "Core/Src/main.o"
arm-none-eabi-gcc -o "Class_C.elf" @"objects.list"   -mcpu=cortex-m4 -T"C:\Users\kapla\Desktop\staj2\Class_C\STM32F407VGTX_FLASH.ld" --specs=nosys.specs -Wl,-Map="Class_C.map" -Wl,--gc-sections -static --specs=nano.specs -mfpu=fpv4-sp-d16 -mfloat-abi=hard -mthumb -Wl,--start-group -lc -lm -Wl,--end-group
Finished building target: Class_C.elf
 
arm-none-eabi-size   Class_C.elf 
arm-none-eabi-objdump -h -S  Class_C.elf  > "Class_C.list"
arm-none-eabi-objcopy  -O binary  Class_C.elf  "Class_C.bin"
   text	   data	    bss	    dec	    hex	filename
  15308	     20	   1964	  17292	   438c	Class_C.elf
Finished building: default.size.stdout
 
Finished building: Class_C.bin
 
Finished building: Class_C.list
 
11:12:04 **** Incremental Build of configuration Debug for project Class_C ****
make -j8 all 
arm-none-eabi-size   Class_C.elf 
   text	   data	    bss	    dec	    hex	filename
  15308	     20	   1964	  17292	   438c	Class_C.elf
Finished building: default.size.stdout
 
11:49:54 **** Incremental Build of configuration Debug for project Class_C ****
make -j8 all 
arm-none-eabi-gcc "../Core/Src/main.c" -mcpu=cortex-m4 -std=gnu11 -g3 -DDEBUG -DUSE_HAL_DRIVER -DSTM32F407xx -c -I../Core/Inc -I../Drivers/STM32F4xx_HAL_Driver/Inc -I../Drivers/STM32F4xx_HAL_Driver/Inc/Legacy -I../Drivers/CMSIS/Device/ST/STM32F4xx/Include -I../Drivers/CMSIS/Include -O0 -ffunction-sections -fdata-sections -Wall -fstack-usage -MMD -MP -MF"Core/Src/main.d" -MT"Core/Src/main.o" --specs=nano.specs -mfpu=fpv4-sp-d16 -mfloat-abi=hard -mthumb -o "Core/Src/main.o"
arm-none-eabi-gcc -o "Class_C.elf" @"objects.list"   -mcpu=cortex-m4 -T"C:\Users\kapla\Desktop\staj2\Class_C\STM32F407VGTX_FLASH.ld" --specs=nosys.specs -Wl,-Map="Class_C.map" -Wl,--gc-sections -static --specs=nano.specs -mfpu=fpv4-sp-d16 -mfloat-abi=hard -mthumb -Wl,--start-group -lc -lm -Wl,--end-group
Finished building target: Class_C.elf
 
arm-none-eabi-size   Class_C.elf 
arm-none-eabi-objdump -h -S  Class_C.elf  > "Class_C.list"
arm-none-eabi-objcopy  -O binary  Class_C.elf  "Class_C.bin"
   text	   data	    bss	    dec	    hex	filename
  15308	     20	   1964	  17292	   438c	Class_C.elf
Finished building: default.size.stdout
 
Finished building: Class_C.bin
 
Finished building: Class_C.list
 
11:50:07 **** Incremental Build of configuration Debug for project Class_C ****
make -j8 all 
arm-none-eabi-size   Class_C.elf 
   text	   data	    bss	    dec	    hex	filename
  15308	     20	   1964	  17292	   438c	Class_C.elf
Finished building: default.size.stdout
 
12:43:40 **** Incremental Build of configuration Debug for project Class_C ****
make -j8 all 
arm-none-eabi-gcc "../Core/Src/main.c" -mcpu=cortex-m4 -std=gnu11 -g3 -DDEBUG -DUSE_HAL_DRIVER -DSTM32F407xx -c -I../Core/Inc -I../Drivers/STM32F4xx_HAL_Driver/Inc -I../Drivers/STM32F4xx_HAL_Driver/Inc/Legacy -I../Drivers/CMSIS/Device/ST/STM32F4xx/Include -I../Drivers/CMSIS/Include -O0 -ffunction-sections -fdata-sections -Wall -fstack-usage -MMD -MP -MF"Core/Src/main.d" -MT"Core/Src/main.o" --specs=nano.specs -mfpu=fpv4-sp-d16 -mfloat-abi=hard -mthumb -o "Core/Src/main.o"
arm-none-eabi-gcc -o "Class_C.elf" @"objects.list"   -mcpu=cortex-m4 -T"C:\Users\kapla\Desktop\staj2\Class_C\STM32F407VGTX_FLASH.ld" --specs=nosys.specs -Wl,-Map="Class_C.map" -Wl,--gc-sections -static --specs=nano.specs -mfpu=fpv4-sp-d16 -mfloat-abi=hard -mthumb -Wl,--start-group -lc -lm -Wl,--end-group
Finished building target: Class_C.elf
 
arm-none-eabi-size   Class_C.elf 
arm-none-eabi-objdump -h -S  Class_C.elf  > "Class_C.list"
arm-none-eabi-objcopy  -O binary  Class_C.elf  "Class_C.bin"
   text	   data	    bss	    dec	    hex	filename
  15292	     20	   1964	  17276	   437c	Class_C.elf
Finished building: default.size.stdout
 
Finished building: Class_C.bin
 
Finished building: Class_C.list
 
12:53:34 **** Incremental Build of configuration Debug for project Class_14 ****
make -j8 all 
arm-none-eabi-size   Class_14.elf 
   text	   data	    bss	    dec	    hex	filename
  11784	    124	   1628	  13536	   34e0	Class_14.elf
Finished building: default.size.stdout
 
12:53:34 **** Incremental Build of configuration Debug for project Class_C ****
make -j8 all 
arm-none-eabi-gcc "../Core/Src/main.c" -mcpu=cortex-m4 -std=gnu11 -g3 -DDEBUG -DUSE_HAL_DRIVER -DSTM32F407xx -c -I../Core/Inc -I../Drivers/STM32F4xx_HAL_Driver/Inc -I../Drivers/STM32F4xx_HAL_Driver/Inc/Legacy -I../Drivers/CMSIS/Device/ST/STM32F4xx/Include -I../Drivers/CMSIS/Include -O0 -ffunction-sections -fdata-sections -Wall -fstack-usage -MMD -MP -MF"Core/Src/main.d" -MT"Core/Src/main.o" --specs=nano.specs -mfpu=fpv4-sp-d16 -mfloat-abi=hard -mthumb -o "Core/Src/main.o"
arm-none-eabi-gcc -o "Class_C.elf" @"objects.list"   -mcpu=cortex-m4 -T"C:\Users\kapla\Desktop\staj2\Class_C\STM32F407VGTX_FLASH.ld" --specs=nosys.specs -Wl,-Map="Class_C.map" -Wl,--gc-sections -static --specs=nano.specs -mfpu=fpv4-sp-d16 -mfloat-abi=hard -mthumb -Wl,--start-group -lc -lm -Wl,--end-group
Finished building target: Class_C.elf
 
arm-none-eabi-size   Class_C.elf 
arm-none-eabi-objdump -h -S  Class_C.elf  > "Class_C.list"
arm-none-eabi-objcopy  -O binary  Class_C.elf  "Class_C.bin"
   text	   data	    bss	    dec	    hex	filename
  15308	     20	   1964	  17292	   438c	Class_C.elf
Finished building: default.size.stdout
 
Finished building: Class_C.bin
 
Finished building: Class_C.list
 
12:56:47 **** Incremental Build of configuration Debug for project Class_14 ****
make -j8 all 
arm-none-eabi-size   Class_14.elf 
   text	   data	    bss	    dec	    hex	filename
  11784	    124	   1628	  13536	   34e0	Class_14.elf
Finished building: default.size.stdout
 
12:56:48 **** Incremental Build of configuration Debug for project Class_C ****
make -j8 all 
arm-none-eabi-gcc "../Core/Src/main.c" -mcpu=cortex-m4 -std=gnu11 -g3 -DDEBUG -DUSE_HAL_DRIVER -DSTM32F407xx -c -I../Core/Inc -I../Drivers/STM32F4xx_HAL_Driver/Inc -I../Drivers/STM32F4xx_HAL_Driver/Inc/Legacy -I../Drivers/CMSIS/Device/ST/STM32F4xx/Include -I../Drivers/CMSIS/Include -O0 -ffunction-sections -fdata-sections -Wall -fstack-usage -MMD -MP -MF"Core/Src/main.d" -MT"Core/Src/main.o" --specs=nano.specs -mfpu=fpv4-sp-d16 -mfloat-abi=hard -mthumb -o "Core/Src/main.o"
arm-none-eabi-gcc -o "Class_C.elf" @"objects.list"   -mcpu=cortex-m4 -T"C:\Users\kapla\Desktop\staj2\Class_C\STM32F407VGTX_FLASH.ld" --specs=nosys.specs -Wl,-Map="Class_C.map" -Wl,--gc-sections -static --specs=nano.specs -mfpu=fpv4-sp-d16 -mfloat-abi=hard -mthumb -Wl,--start-group -lc -lm -Wl,--end-group
Finished building target: Class_C.elf
 
arm-none-eabi-size   Class_C.elf 
arm-none-eabi-objdump -h -S  Class_C.elf  > "Class_C.list"
arm-none-eabi-objcopy  -O binary  Class_C.elf  "Class_C.bin"
   text	   data	    bss	    dec	    hex	filename
  15320	     20	   1964	  17304	   4398	Class_C.elf
Finished building: default.size.stdout
 
Finished building: Class_C.bin
 
Finished building: Class_C.list
 
12:57:19 **** Incremental Build of configuration Debug for project Class_C ****
make -j8 all 
arm-none-eabi-gcc "../Core/Src/main.c" -mcpu=cortex-m4 -std=gnu11 -g3 -DDEBUG -DUSE_HAL_DRIVER -DSTM32F407xx -c -I../Core/Inc -I../Drivers/STM32F4xx_HAL_Driver/Inc -I../Drivers/STM32F4xx_HAL_Driver/Inc/Legacy -I../Drivers/CMSIS/Device/ST/STM32F4xx/Include -I../Drivers/CMSIS/Include -O0 -ffunction-sections -fdata-sections -Wall -fstack-usage -MMD -MP -MF"Core/Src/main.d" -MT"Core/Src/main.o" --specs=nano.specs -mfpu=fpv4-sp-d16 -mfloat-abi=hard -mthumb -o "Core/Src/main.o"
arm-none-eabi-gcc -o "Class_C.elf" @"objects.list"   -mcpu=cortex-m4 -T"C:\Users\kapla\Desktop\staj2\Class_C\STM32F407VGTX_FLASH.ld" --specs=nosys.specs -Wl,-Map="Class_C.map" -Wl,--gc-sections -static --specs=nano.specs -mfpu=fpv4-sp-d16 -mfloat-abi=hard -mthumb -Wl,--start-group -lc -lm -Wl,--end-group
Finished building target: Class_C.elf
 
arm-none-eabi-size   Class_C.elf 
arm-none-eabi-objdump -h -S  Class_C.elf  > "Class_C.list"
arm-none-eabi-objcopy  -O binary  Class_C.elf  "Class_C.bin"
   text	   data	    bss	    dec	    hex	filename
  15320	     20	   1964	  17304	   4398	Class_C.elf
Finished building: default.size.stdout
 
Finished building: Class_C.bin
 
Finished building: Class_C.list
 
12:59:27 **** Incremental Build of configuration Debug for project Class_14 ****
make -j8 all 
arm-none-eabi-size   Class_14.elf 
   text	   data	    bss	    dec	    hex	filename
  11784	    124	   1628	  13536	   34e0	Class_14.elf
Finished building: default.size.stdout
 
12:59:27 **** Incremental Build of configuration Debug for project Class_C ****
make -j8 all 
arm-none-eabi-gcc "../Core/Src/main.c" -mcpu=cortex-m4 -std=gnu11 -g3 -DDEBUG -DUSE_HAL_DRIVER -DSTM32F407xx -c -I../Core/Inc -I../Drivers/STM32F4xx_HAL_Driver/Inc -I../Drivers/STM32F4xx_HAL_Driver/Inc/Legacy -I../Drivers/CMSIS/Device/ST/STM32F4xx/Include -I../Drivers/CMSIS/Include -O0 -ffunction-sections -fdata-sections -Wall -fstack-usage -MMD -MP -MF"Core/Src/main.d" -MT"Core/Src/main.o" --specs=nano.specs -mfpu=fpv4-sp-d16 -mfloat-abi=hard -mthumb -o "Core/Src/main.o"
arm-none-eabi-gcc -o "Class_C.elf" @"objects.list"   -mcpu=cortex-m4 -T"C:\Users\kapla\Desktop\staj2\Class_C\STM32F407VGTX_FLASH.ld" --specs=nosys.specs -Wl,-Map="Class_C.map" -Wl,--gc-sections -static --specs=nano.specs -mfpu=fpv4-sp-d16 -mfloat-abi=hard -mthumb -Wl,--start-group -lc -lm -Wl,--end-group
Finished building target: Class_C.elf
 
arm-none-eabi-size   Class_C.elf 
arm-none-eabi-objdump -h -S  Class_C.elf  > "Class_C.list"
arm-none-eabi-objcopy  -O binary  Class_C.elf  "Class_C.bin"
   text	   data	    bss	    dec	    hex	filename
  15336	     20	   1964	  17320	   43a8	Class_C.elf
Finished building: default.size.stdout
 
Finished building: Class_C.bin
 
Finished building: Class_C.list
 
12:59:33 **** Incremental Build of configuration Debug for project Class_C ****
make -j8 all 
arm-none-eabi-size   Class_C.elf 
   text	   data	    bss	    dec	    hex	filename
  15336	     20	   1964	  17320	   43a8	Class_C.elf
Finished building: default.size.stdout
 
13:02:50 **** Incremental Build of configuration Debug for project Class_C ****
make -j8 all 
arm-none-eabi-gcc "../Core/Src/main.c" -mcpu=cortex-m4 -std=gnu11 -g3 -DDEBUG -DUSE_HAL_DRIVER -DSTM32F407xx -c -I../Core/Inc -I../Drivers/STM32F4xx_HAL_Driver/Inc -I../Drivers/STM32F4xx_HAL_Driver/Inc/Legacy -I../Drivers/CMSIS/Device/ST/STM32F4xx/Include -I../Drivers/CMSIS/Include -O0 -ffunction-sections -fdata-sections -Wall -fstack-usage -MMD -MP -MF"Core/Src/main.d" -MT"Core/Src/main.o" --specs=nano.specs -mfpu=fpv4-sp-d16 -mfloat-abi=hard -mthumb -o "Core/Src/main.o"
arm-none-eabi-gcc -o "Class_C.elf" @"objects.list"   -mcpu=cortex-m4 -T"C:\Users\kapla\Desktop\staj2\Class_C\STM32F407VGTX_FLASH.ld" --specs=nosys.specs -Wl,-Map="Class_C.map" -Wl,--gc-sections -static --specs=nano.specs -mfpu=fpv4-sp-d16 -mfloat-abi=hard -mthumb -Wl,--start-group -lc -lm -Wl,--end-group
Finished building target: Class_C.elf
 
arm-none-eabi-size   Class_C.elf 
arm-none-eabi-objdump -h -S  Class_C.elf  > "Class_C.list"
arm-none-eabi-objcopy  -O binary  Class_C.elf  "Class_C.bin"
   text	   data	    bss	    dec	    hex	filename
  15328	     20	   1964	  17312	   43a0	Class_C.elf
Finished building: default.size.stdout
 
Finished building: Class_C.bin
 
Finished building: Class_C.list
 
13:22:28 **** Incremental Build of configuration Debug for project Class_12 ****
make -j8 all 
arm-none-eabi-gcc "../Core/Src/main.c" -mcpu=cortex-m4 -std=gnu11 -g3 -DDEBUG -DUSE_HAL_DRIVER -DSTM32F407xx -c -I../Core/Inc -I../Drivers/STM32F4xx_HAL_Driver/Inc -I../Drivers/STM32F4xx_HAL_Driver/Inc/Legacy -I../Drivers/CMSIS/Device/ST/STM32F4xx/Include -I../Drivers/CMSIS/Include -O0 -ffunction-sections -fdata-sections -Wall -fstack-usage -MMD -MP -MF"Core/Src/main.d" -MT"Core/Src/main.o" --specs=nano.specs -mfpu=fpv4-sp-d16 -mfloat-abi=hard -mthumb -o "Core/Src/main.o"
arm-none-eabi-gcc -o "Class_12.elf" @"objects.list"   -mcpu=cortex-m4 -T"C:\Users\kapla\Desktop\staj2\Class_12\STM32F407VGTX_FLASH.ld" --specs=nosys.specs -Wl,-Map="Class_12.map" -Wl,--gc-sections -static --specs=nano.specs -mfpu=fpv4-sp-d16 -mfloat-abi=hard -mthumb -Wl,--start-group -lc -lm -Wl,--end-group
Finished building target: Class_12.elf
 
arm-none-eabi-size   Class_12.elf 
arm-none-eabi-objdump -h -S  Class_12.elf  > "Class_12.list"
arm-none-eabi-objcopy  -O binary  Class_12.elf  "Class_12.bin"
   text	   data	    bss	    dec	    hex	filename
   9348	     20	   1668	  11036	   2b1c	Class_12.elf
Finished building: default.size.stdout
 
Finished building: Class_12.bin
 
Finished building: Class_12.list
 
13:22:29 **** Incremental Build of configuration Debug for project Class_C ****
make -j8 all 
arm-none-eabi-gcc "../Drivers/STM32F4xx_HAL_Driver/Src/stm32f4xx_hal.c" -mcpu=cortex-m4 -std=gnu11 -g3 -DDEBUG -DUSE_HAL_DRIVER -DSTM32F407xx -c -I../Core/Inc -I../Drivers/STM32F4xx_HAL_Driver/Inc -I../Drivers/STM32F4xx_HAL_Driver/Inc/Legacy -I../Drivers/CMSIS/Device/ST/STM32F4xx/Include -I../Drivers/CMSIS/Include -O0 -ffunction-sections -fdata-sections -Wall -fstack-usage -MMD -MP -MF"Drivers/STM32F4xx_HAL_Driver/Src/stm32f4xx_hal.d" -MT"Drivers/STM32F4xx_HAL_Driver/Src/stm32f4xx_hal.o" --specs=nano.specs -mfpu=fpv4-sp-d16 -mfloat-abi=hard -mthumb -o "Drivers/STM32F4xx_HAL_Driver/Src/stm32f4xx_hal.o"
arm-none-eabi-gcc "../Drivers/STM32F4xx_HAL_Driver/Src/stm32f4xx_hal_adc.c" -mcpu=cortex-m4 -std=gnu11 -g3 -DDEBUG -DUSE_HAL_DRIVER -DSTM32F407xx -c -I../Core/Inc -I../Drivers/STM32F4xx_HAL_Driver/Inc -I../Drivers/STM32F4xx_HAL_Driver/Inc/Legacy -I../Drivers/CMSIS/Device/ST/STM32F4xx/Include -I../Drivers/CMSIS/Include -O0 -ffunction-sections -fdata-sections -Wall -fstack-usage -MMD -MP -MF"Drivers/STM32F4xx_HAL_Driver/Src/stm32f4xx_hal_adc.d" -MT"Drivers/STM32F4xx_HAL_Driver/Src/stm32f4xx_hal_adc.o" --specs=nano.specs -mfpu=fpv4-sp-d16 -mfloat-abi=hard -mthumb -o "Drivers/STM32F4xx_HAL_Driver/Src/stm32f4xx_hal_adc.o"
arm-none-eabi-gcc "../Drivers/STM32F4xx_HAL_Driver/Src/stm32f4xx_hal_adc_ex.c" -mcpu=cortex-m4 -std=gnu11 -g3 -DDEBUG -DUSE_HAL_DRIVER -DSTM32F407xx -c -I../Core/Inc -I../Drivers/STM32F4xx_HAL_Driver/Inc -I../Drivers/STM32F4xx_HAL_Driver/Inc/Legacy -I../Drivers/CMSIS/Device/ST/STM32F4xx/Include -I../Drivers/CMSIS/Include -O0 -ffunction-sections -fdata-sections -Wall -fstack-usage -MMD -MP -MF"Drivers/STM32F4xx_HAL_Driver/Src/stm32f4xx_hal_adc_ex.d" -MT"Drivers/STM32F4xx_HAL_Driver/Src/stm32f4xx_hal_adc_ex.o" --specs=nano.specs -mfpu=fpv4-sp-d16 -mfloat-abi=hard -mthumb -o "Drivers/STM32F4xx_HAL_Driver/Src/stm32f4xx_hal_adc_ex.o"
arm-none-eabi-gcc "../Drivers/STM32F4xx_HAL_Driver/Src/stm32f4xx_hal_cortex.c" -mcpu=cortex-m4 -std=gnu11 -g3 -DDEBUG -DUSE_HAL_DRIVER -DSTM32F407xx -c -I../Core/Inc -I../Drivers/STM32F4xx_HAL_Driver/Inc -I../Drivers/STM32F4xx_HAL_Driver/Inc/Legacy -I../Drivers/CMSIS/Device/ST/STM32F4xx/Include -I../Drivers/CMSIS/Include -O0 -ffunction-sections -fdata-sections -Wall -fstack-usage -MMD -MP -MF"Drivers/STM32F4xx_HAL_Driver/Src/stm32f4xx_hal_cortex.d" -MT"Drivers/STM32F4xx_HAL_Driver/Src/stm32f4xx_hal_cortex.o" --specs=nano.specs -mfpu=fpv4-sp-d16 -mfloat-abi=hard -mthumb -o "Drivers/STM32F4xx_HAL_Driver/Src/stm32f4xx_hal_cortex.o"
arm-none-eabi-gcc "../Drivers/STM32F4xx_HAL_Driver/Src/stm32f4xx_hal_dma.c" -mcpu=cortex-m4 -std=gnu11 -g3 -DDEBUG -DUSE_HAL_DRIVER -DSTM32F407xx -c -I../Core/Inc -I../Drivers/STM32F4xx_HAL_Driver/Inc -I../Drivers/STM32F4xx_HAL_Driver/Inc/Legacy -I../Drivers/CMSIS/Device/ST/STM32F4xx/Include -I../Drivers/CMSIS/Include -O0 -ffunction-sections -fdata-sections -Wall -fstack-usage -MMD -MP -MF"Drivers/STM32F4xx_HAL_Driver/Src/stm32f4xx_hal_dma.d" -MT"Drivers/STM32F4xx_HAL_Driver/Src/stm32f4xx_hal_dma.o" --specs=nano.specs -mfpu=fpv4-sp-d16 -mfloat-abi=hard -mthumb -o "Drivers/STM32F4xx_HAL_Driver/Src/stm32f4xx_hal_dma.o"
arm-none-eabi-gcc "../Drivers/STM32F4xx_HAL_Driver/Src/stm32f4xx_hal_dma_ex.c" -mcpu=cortex-m4 -std=gnu11 -g3 -DDEBUG -DUSE_HAL_DRIVER -DSTM32F407xx -c -I../Core/Inc -I../Drivers/STM32F4xx_HAL_Driver/Inc -I../Drivers/STM32F4xx_HAL_Driver/Inc/Legacy -I../Drivers/CMSIS/Device/ST/STM32F4xx/Include -I../Drivers/CMSIS/Include -O0 -ffunction-sections -fdata-sections -Wall -fstack-usage -MMD -MP -MF"Drivers/STM32F4xx_HAL_Driver/Src/stm32f4xx_hal_dma_ex.d" -MT"Drivers/STM32F4xx_HAL_Driver/Src/stm32f4xx_hal_dma_ex.o" --specs=nano.specs -mfpu=fpv4-sp-d16 -mfloat-abi=hard -mthumb -o "Drivers/STM32F4xx_HAL_Driver/Src/stm32f4xx_hal_dma_ex.o"
arm-none-eabi-gcc "../Drivers/STM32F4xx_HAL_Driver/Src/stm32f4xx_hal_exti.c" -mcpu=cortex-m4 -std=gnu11 -g3 -DDEBUG -DUSE_HAL_DRIVER -DSTM32F407xx -c -I../Core/Inc -I../Drivers/STM32F4xx_HAL_Driver/Inc -I../Drivers/STM32F4xx_HAL_Driver/Inc/Legacy -I../Drivers/CMSIS/Device/ST/STM32F4xx/Include -I../Drivers/CMSIS/Include -O0 -ffunction-sections -fdata-sections -Wall -fstack-usage -MMD -MP -MF"Drivers/STM32F4xx_HAL_Driver/Src/stm32f4xx_hal_exti.d" -MT"Drivers/STM32F4xx_HAL_Driver/Src/stm32f4xx_hal_exti.o" --specs=nano.specs -mfpu=fpv4-sp-d16 -mfloat-abi=hard -mthumb -o "Drivers/STM32F4xx_HAL_Driver/Src/stm32f4xx_hal_exti.o"
arm-none-eabi-gcc "../Drivers/STM32F4xx_HAL_Driver/Src/stm32f4xx_hal_flash.c" -mcpu=cortex-m4 -std=gnu11 -g3 -DDEBUG -DUSE_HAL_DRIVER -DSTM32F407xx -c -I../Core/Inc -I../Drivers/STM32F4xx_HAL_Driver/Inc -I../Drivers/STM32F4xx_HAL_Driver/Inc/Legacy -I../Drivers/CMSIS/Device/ST/STM32F4xx/Include -I../Drivers/CMSIS/Include -O0 -ffunction-sections -fdata-sections -Wall -fstack-usage -MMD -MP -MF"Drivers/STM32F4xx_HAL_Driver/Src/stm32f4xx_hal_flash.d" -MT"Drivers/STM32F4xx_HAL_Driver/Src/stm32f4xx_hal_flash.o" --specs=nano.specs -mfpu=fpv4-sp-d16 -mfloat-abi=hard -mthumb -o "Drivers/STM32F4xx_HAL_Driver/Src/stm32f4xx_hal_flash.o"
arm-none-eabi-gcc "../Drivers/STM32F4xx_HAL_Driver/Src/stm32f4xx_hal_flash_ex.c" -mcpu=cortex-m4 -std=gnu11 -g3 -DDEBUG -DUSE_HAL_DRIVER -DSTM32F407xx -c -I../Core/Inc -I../Drivers/STM32F4xx_HAL_Driver/Inc -I../Drivers/STM32F4xx_HAL_Driver/Inc/Legacy -I../Drivers/CMSIS/Device/ST/STM32F4xx/Include -I../Drivers/CMSIS/Include -O0 -ffunction-sections -fdata-sections -Wall -fstack-usage -MMD -MP -MF"Drivers/STM32F4xx_HAL_Driver/Src/stm32f4xx_hal_flash_ex.d" -MT"Drivers/STM32F4xx_HAL_Driver/Src/stm32f4xx_hal_flash_ex.o" --specs=nano.specs -mfpu=fpv4-sp-d16 -mfloat-abi=hard -mthumb -o "Drivers/STM32F4xx_HAL_Driver/Src/stm32f4xx_hal_flash_ex.o"
arm-none-eabi-gcc "../Drivers/STM32F4xx_HAL_Driver/Src/stm32f4xx_hal_flash_ramfunc.c" -mcpu=cortex-m4 -std=gnu11 -g3 -DDEBUG -DUSE_HAL_DRIVER -DSTM32F407xx -c -I../Core/Inc -I../Drivers/STM32F4xx_HAL_Driver/Inc -I../Drivers/STM32F4xx_HAL_Driver/Inc/Legacy -I../Drivers/CMSIS/Device/ST/STM32F4xx/Include -I../Drivers/CMSIS/Include -O0 -ffunction-sections -fdata-sections -Wall -fstack-usage -MMD -MP -MF"Drivers/STM32F4xx_HAL_Driver/Src/stm32f4xx_hal_flash_ramfunc.d" -MT"Drivers/STM32F4xx_HAL_Driver/Src/stm32f4xx_hal_flash_ramfunc.o" --specs=nano.specs -mfpu=fpv4-sp-d16 -mfloat-abi=hard -mthumb -o "Drivers/STM32F4xx_HAL_Driver/Src/stm32f4xx_hal_flash_ramfunc.o"
arm-none-eabi-gcc "../Drivers/STM32F4xx_HAL_Driver/Src/stm32f4xx_hal_gpio.c" -mcpu=cortex-m4 -std=gnu11 -g3 -DDEBUG -DUSE_HAL_DRIVER -DSTM32F407xx -c -I../Core/Inc -I../Drivers/STM32F4xx_HAL_Driver/Inc -I../Drivers/STM32F4xx_HAL_Driver/Inc/Legacy -I../Drivers/CMSIS/Device/ST/STM32F4xx/Include -I../Drivers/CMSIS/Include -O0 -ffunction-sections -fdata-sections -Wall -fstack-usage -MMD -MP -MF"Drivers/STM32F4xx_HAL_Driver/Src/stm32f4xx_hal_gpio.d" -MT"Drivers/STM32F4xx_HAL_Driver/Src/stm32f4xx_hal_gpio.o" --specs=nano.specs -mfpu=fpv4-sp-d16 -mfloat-abi=hard -mthumb -o "Drivers/STM32F4xx_HAL_Driver/Src/stm32f4xx_hal_gpio.o"
arm-none-eabi-gcc "../Drivers/STM32F4xx_HAL_Driver/Src/stm32f4xx_hal_pwr.c" -mcpu=cortex-m4 -std=gnu11 -g3 -DDEBUG -DUSE_HAL_DRIVER -DSTM32F407xx -c -I../Core/Inc -I../Drivers/STM32F4xx_HAL_Driver/Inc -I../Drivers/STM32F4xx_HAL_Driver/Inc/Legacy -I../Drivers/CMSIS/Device/ST/STM32F4xx/Include -I../Drivers/CMSIS/Include -O0 -ffunction-sections -fdata-sections -Wall -fstack-usage -MMD -MP -MF"Drivers/STM32F4xx_HAL_Driver/Src/stm32f4xx_hal_pwr.d" -MT"Drivers/STM32F4xx_HAL_Driver/Src/stm32f4xx_hal_pwr.o" --specs=nano.specs -mfpu=fpv4-sp-d16 -mfloat-abi=hard -mthumb -o "Drivers/STM32F4xx_HAL_Driver/Src/stm32f4xx_hal_pwr.o"
arm-none-eabi-gcc "../Drivers/STM32F4xx_HAL_Driver/Src/stm32f4xx_hal_pwr_ex.c" -mcpu=cortex-m4 -std=gnu11 -g3 -DDEBUG -DUSE_HAL_DRIVER -DSTM32F407xx -c -I../Core/Inc -I../Drivers/STM32F4xx_HAL_Driver/Inc -I../Drivers/STM32F4xx_HAL_Driver/Inc/Legacy -I../Drivers/CMSIS/Device/ST/STM32F4xx/Include -I../Drivers/CMSIS/Include -O0 -ffunction-sections -fdata-sections -Wall -fstack-usage -MMD -MP -MF"Drivers/STM32F4xx_HAL_Driver/Src/stm32f4xx_hal_pwr_ex.d" -MT"Drivers/STM32F4xx_HAL_Driver/Src/stm32f4xx_hal_pwr_ex.o" --specs=nano.specs -mfpu=fpv4-sp-d16 -mfloat-abi=hard -mthumb -o "Drivers/STM32F4xx_HAL_Driver/Src/stm32f4xx_hal_pwr_ex.o"
arm-none-eabi-gcc "../Drivers/STM32F4xx_HAL_Driver/Src/stm32f4xx_hal_rcc.c" -mcpu=cortex-m4 -std=gnu11 -g3 -DDEBUG -DUSE_HAL_DRIVER -DSTM32F407xx -c -I../Core/Inc -I../Drivers/STM32F4xx_HAL_Driver/Inc -I../Drivers/STM32F4xx_HAL_Driver/Inc/Legacy -I../Drivers/CMSIS/Device/ST/STM32F4xx/Include -I../Drivers/CMSIS/Include -O0 -ffunction-sections -fdata-sections -Wall -fstack-usage -MMD -MP -MF"Drivers/STM32F4xx_HAL_Driver/Src/stm32f4xx_hal_rcc.d" -MT"Drivers/STM32F4xx_HAL_Driver/Src/stm32f4xx_hal_rcc.o" --specs=nano.specs -mfpu=fpv4-sp-d16 -mfloat-abi=hard -mthumb -o "Drivers/STM32F4xx_HAL_Driver/Src/stm32f4xx_hal_rcc.o"
arm-none-eabi-gcc "../Drivers/STM32F4xx_HAL_Driver/Src/stm32f4xx_hal_rcc_ex.c" -mcpu=cortex-m4 -std=gnu11 -g3 -DDEBUG -DUSE_HAL_DRIVER -DSTM32F407xx -c -I../Core/Inc -I../Drivers/STM32F4xx_HAL_Driver/Inc -I../Drivers/STM32F4xx_HAL_Driver/Inc/Legacy -I../Drivers/CMSIS/Device/ST/STM32F4xx/Include -I../Drivers/CMSIS/Include -O0 -ffunction-sections -fdata-sections -Wall -fstack-usage -MMD -MP -MF"Drivers/STM32F4xx_HAL_Driver/Src/stm32f4xx_hal_rcc_ex.d" -MT"Drivers/STM32F4xx_HAL_Driver/Src/stm32f4xx_hal_rcc_ex.o" --specs=nano.specs -mfpu=fpv4-sp-d16 -mfloat-abi=hard -mthumb -o "Drivers/STM32F4xx_HAL_Driver/Src/stm32f4xx_hal_rcc_ex.o"
arm-none-eabi-gcc "../Drivers/STM32F4xx_HAL_Driver/Src/stm32f4xx_hal_spi.c" -mcpu=cortex-m4 -std=gnu11 -g3 -DDEBUG -DUSE_HAL_DRIVER -DSTM32F407xx -c -I../Core/Inc -I../Drivers/STM32F4xx_HAL_Driver/Inc -I../Drivers/STM32F4xx_HAL_Driver/Inc/Legacy -I../Drivers/CMSIS/Device/ST/STM32F4xx/Include -I../Drivers/CMSIS/Include -O0 -ffunction-sections -fdata-sections -Wall -fstack-usage -MMD -MP -MF"Drivers/STM32F4xx_HAL_Driver/Src/stm32f4xx_hal_spi.d" -MT"Drivers/STM32F4xx_HAL_Driver/Src/stm32f4xx_hal_spi.o" --specs=nano.specs -mfpu=fpv4-sp-d16 -mfloat-abi=hard -mthumb -o "Drivers/STM32F4xx_HAL_Driver/Src/stm32f4xx_hal_spi.o"
arm-none-eabi-gcc "../Drivers/STM32F4xx_HAL_Driver/Src/stm32f4xx_hal_tim.c" -mcpu=cortex-m4 -std=gnu11 -g3 -DDEBUG -DUSE_HAL_DRIVER -DSTM32F407xx -c -I../Core/Inc -I../Drivers/STM32F4xx_HAL_Driver/Inc -I../Drivers/STM32F4xx_HAL_Driver/Inc/Legacy -I../Drivers/CMSIS/Device/ST/STM32F4xx/Include -I../Drivers/CMSIS/Include -O0 -ffunction-sections -fdata-sections -Wall -fstack-usage -MMD -MP -MF"Drivers/STM32F4xx_HAL_Driver/Src/stm32f4xx_hal_tim.d" -MT"Drivers/STM32F4xx_HAL_Driver/Src/stm32f4xx_hal_tim.o" --specs=nano.specs -mfpu=fpv4-sp-d16 -mfloat-abi=hard -mthumb -o "Drivers/STM32F4xx_HAL_Driver/Src/stm32f4xx_hal_tim.o"
arm-none-eabi-gcc "../Drivers/STM32F4xx_HAL_Driver/Src/stm32f4xx_hal_tim_ex.c" -mcpu=cortex-m4 -std=gnu11 -g3 -DDEBUG -DUSE_HAL_DRIVER -DSTM32F407xx -c -I../Core/Inc -I../Drivers/STM32F4xx_HAL_Driver/Inc -I../Drivers/STM32F4xx_HAL_Driver/Inc/Legacy -I../Drivers/CMSIS/Device/ST/STM32F4xx/Include -I../Drivers/CMSIS/Include -O0 -ffunction-sections -fdata-sections -Wall -fstack-usage -MMD -MP -MF"Drivers/STM32F4xx_HAL_Driver/Src/stm32f4xx_hal_tim_ex.d" -MT"Drivers/STM32F4xx_HAL_Driver/Src/stm32f4xx_hal_tim_ex.o" --specs=nano.specs -mfpu=fpv4-sp-d16 -mfloat-abi=hard -mthumb -o "Drivers/STM32F4xx_HAL_Driver/Src/stm32f4xx_hal_tim_ex.o"
arm-none-eabi-gcc "../Drivers/STM32F4xx_HAL_Driver/Src/stm32f4xx_hal_uart.c" -mcpu=cortex-m4 -std=gnu11 -g3 -DDEBUG -DUSE_HAL_DRIVER -DSTM32F407xx -c -I../Core/Inc -I../Drivers/STM32F4xx_HAL_Driver/Inc -I../Drivers/STM32F4xx_HAL_Driver/Inc/Legacy -I../Drivers/CMSIS/Device/ST/STM32F4xx/Include -I../Drivers/CMSIS/Include -O0 -ffunction-sections -fdata-sections -Wall -fstack-usage -MMD -MP -MF"Drivers/STM32F4xx_HAL_Driver/Src/stm32f4xx_hal_uart.d" -MT"Drivers/STM32F4xx_HAL_Driver/Src/stm32f4xx_hal_uart.o" --specs=nano.specs -mfpu=fpv4-sp-d16 -mfloat-abi=hard -mthumb -o "Drivers/STM32F4xx_HAL_Driver/Src/stm32f4xx_hal_uart.o"
arm-none-eabi-gcc "../Drivers/STM32F4xx_HAL_Driver/Src/stm32f4xx_ll_adc.c" -mcpu=cortex-m4 -std=gnu11 -g3 -DDEBUG -DUSE_HAL_DRIVER -DSTM32F407xx -c -I../Core/Inc -I../Drivers/STM32F4xx_HAL_Driver/Inc -I../Drivers/STM32F4xx_HAL_Driver/Inc/Legacy -I../Drivers/CMSIS/Device/ST/STM32F4xx/Include -I../Drivers/CMSIS/Include -O0 -ffunction-sections -fdata-sections -Wall -fstack-usage -MMD -MP -MF"Drivers/STM32F4xx_HAL_Driver/Src/stm32f4xx_ll_adc.d" -MT"Drivers/STM32F4xx_HAL_Driver/Src/stm32f4xx_ll_adc.o" --specs=nano.specs -mfpu=fpv4-sp-d16 -mfloat-abi=hard -mthumb -o "Drivers/STM32F4xx_HAL_Driver/Src/stm32f4xx_ll_adc.o"
arm-none-eabi-gcc "../Core/Src/main.c" -mcpu=cortex-m4 -std=gnu11 -g3 -DDEBUG -DUSE_HAL_DRIVER -DSTM32F407xx -c -I../Core/Inc -I../Drivers/STM32F4xx_HAL_Driver/Inc -I../Drivers/STM32F4xx_HAL_Driver/Inc/Legacy -I../Drivers/CMSIS/Device/ST/STM32F4xx/Include -I../Drivers/CMSIS/Include -O0 -ffunction-sections -fdata-sections -Wall -fstack-usage -MMD -MP -MF"Core/Src/main.d" -MT"Core/Src/main.o" --specs=nano.specs -mfpu=fpv4-sp-d16 -mfloat-abi=hard -mthumb -o "Core/Src/main.o"
arm-none-eabi-gcc "../Core/Src/stm32f4xx_hal_msp.c" -mcpu=cortex-m4 -std=gnu11 -g3 -DDEBUG -DUSE_HAL_DRIVER -DSTM32F407xx -c -I../Core/Inc -I../Drivers/STM32F4xx_HAL_Driver/Inc -I../Drivers/STM32F4xx_HAL_Driver/Inc/Legacy -I../Drivers/CMSIS/Device/ST/STM32F4xx/Include -I../Drivers/CMSIS/Include -O0 -ffunction-sections -fdata-sections -Wall -fstack-usage -MMD -MP -MF"Core/Src/stm32f4xx_hal_msp.d" -MT"Core/Src/stm32f4xx_hal_msp.o" --specs=nano.specs -mfpu=fpv4-sp-d16 -mfloat-abi=hard -mthumb -o "Core/Src/stm32f4xx_hal_msp.o"
arm-none-eabi-gcc "../Core/Src/stm32f4xx_it.c" -mcpu=cortex-m4 -std=gnu11 -g3 -DDEBUG -DUSE_HAL_DRIVER -DSTM32F407xx -c -I../Core/Inc -I../Drivers/STM32F4xx_HAL_Driver/Inc -I../Drivers/STM32F4xx_HAL_Driver/Inc/Legacy -I../Drivers/CMSIS/Device/ST/STM32F4xx/Include -I../Drivers/CMSIS/Include -O0 -ffunction-sections -fdata-sections -Wall -fstack-usage -MMD -MP -MF"Core/Src/stm32f4xx_it.d" -MT"Core/Src/stm32f4xx_it.o" --specs=nano.specs -mfpu=fpv4-sp-d16 -mfloat-abi=hard -mthumb -o "Core/Src/stm32f4xx_it.o"
arm-none-eabi-gcc "../Core/Src/system_stm32f4xx.c" -mcpu=cortex-m4 -std=gnu11 -g3 -DDEBUG -DUSE_HAL_DRIVER -DSTM32F407xx -c -I../Core/Inc -I../Drivers/STM32F4xx_HAL_Driver/Inc -I../Drivers/STM32F4xx_HAL_Driver/Inc/Legacy -I../Drivers/CMSIS/Device/ST/STM32F4xx/Include -I../Drivers/CMSIS/Include -O0 -ffunction-sections -fdata-sections -Wall -fstack-usage -MMD -MP -MF"Core/Src/system_stm32f4xx.d" -MT"Core/Src/system_stm32f4xx.o" --specs=nano.specs -mfpu=fpv4-sp-d16 -mfloat-abi=hard -mthumb -o "Core/Src/system_stm32f4xx.o"
../Core/Src/main.c: In function 'main':
../Core/Src/main.c:218:10: warning: implicit declaration of function 'read_acc'; did you mean 'Read_acc'? [-Wimplicit-function-declaration]
  218 |   buffer=read_acc(0x20);
      |          ^~~~~~~~
      |          Read_acc
arm-none-eabi-gcc -o "Class_C.elf" @"objects.list"   -mcpu=cortex-m4 -T"C:\Users\kapla\Desktop\staj2\Class_C\STM32F407VGTX_FLASH.ld" --specs=nosys.specs -Wl,-Map="Class_C.map" -Wl,--gc-sections -static --specs=nano.specs -mfpu=fpv4-sp-d16 -mfloat-abi=hard -mthumb -Wl,--start-group -lc -lm -Wl,--end-group
c:\st\stm32cubeide_1.8.0\stm32cubeide\plugins\com.st.stm32cube.ide.mcu.externaltools.gnu-tools-for-stm32.9-2020-q2-update.win32_2.0.0.202105311346\tools\arm-none-eabi\bin\ld.exe: ./Core/Src/main.o: in function `main':
C:/Users/kapla/Desktop/staj2/Class_C/Debug/../Core/Src/main.c:218: undefined reference to `read_acc'
c:\st\stm32cubeide_1.8.0\stm32cubeide\plugins\com.st.stm32cube.ide.mcu.externaltools.gnu-tools-for-stm32.9-2020-q2-update.win32_2.0.0.202105311346\tools\arm-none-eabi\bin\ld.exe: C:/Users/kapla/Desktop/staj2/Class_C/Debug/../Core/Src/main.c:220: undefined reference to `read_acc'
collect2.exe: error: ld returned 1 exit status
make: *** [makefile:64: Class_C.elf] Error 1
"make -j8 all" terminated with exit code 2. Build might be incomplete.
13:22:45 **** Incremental Build of configuration Debug for project Class_12 ****
make -j8 all 
arm-none-eabi-size   Class_12.elf 
   text	   data	    bss	    dec	    hex	filename
   9348	     20	   1668	  11036	   2b1c	Class_12.elf
Finished building: default.size.stdout
 
13:22:46 **** Incremental Build of configuration Debug for project Class_C ****
make -j8 all 
arm-none-eabi-gcc "../Core/Src/main.c" -mcpu=cortex-m4 -std=gnu11 -g3 -DDEBUG -DUSE_HAL_DRIVER -DSTM32F407xx -c -I../Core/Inc -I../Drivers/STM32F4xx_HAL_Driver/Inc -I../Drivers/STM32F4xx_HAL_Driver/Inc/Legacy -I../Drivers/CMSIS/Device/ST/STM32F4xx/Include -I../Drivers/CMSIS/Include -O0 -ffunction-sections -fdata-sections -Wall -fstack-usage -MMD -MP -MF"Core/Src/main.d" -MT"Core/Src/main.o" --specs=nano.specs -mfpu=fpv4-sp-d16 -mfloat-abi=hard -mthumb -o "Core/Src/main.o"
arm-none-eabi-gcc -o "Class_C.elf" @"objects.list"   -mcpu=cortex-m4 -T"C:\Users\kapla\Desktop\staj2\Class_C\STM32F407VGTX_FLASH.ld" --specs=nosys.specs -Wl,-Map="Class_C.map" -Wl,--gc-sections -static --specs=nano.specs -mfpu=fpv4-sp-d16 -mfloat-abi=hard -mthumb -Wl,--start-group -lc -lm -Wl,--end-group
Finished building target: Class_C.elf
 
arm-none-eabi-size   Class_C.elf 
arm-none-eabi-objdump -h -S  Class_C.elf  > "Class_C.list"
arm-none-eabi-objcopy  -O binary  Class_C.elf  "Class_C.bin"
   text	   data	    bss	    dec	    hex	filename
  18308	     20	   2036	  20364	   4f8c	Class_C.elf
Finished building: default.size.stdout
 
Finished building: Class_C.bin
 
Finished building: Class_C.list
 
13:22:55 **** Incremental Build of configuration Debug for project Class_C ****
make -j8 all 
arm-none-eabi-size   Class_C.elf 
   text	   data	    bss	    dec	    hex	filename
  18308	     20	   2036	  20364	   4f8c	Class_C.elf
Finished building: default.size.stdout
 
13:24:36 **** Incremental Build of configuration Debug for project Class_12 ****
make -j8 all 
arm-none-eabi-size   Class_12.elf 
   text	   data	    bss	    dec	    hex	filename
   9348	     20	   1668	  11036	   2b1c	Class_12.elf
Finished building: default.size.stdout
 
13:26:13 **** Incremental Build of configuration Debug for project Class_C ****
make -j8 all 
arm-none-eabi-gcc "../Core/Src/main.c" -mcpu=cortex-m4 -std=gnu11 -g3 -DDEBUG -DUSE_HAL_DRIVER -DSTM32F407xx -c -I../Core/Inc -I../Drivers/STM32F4xx_HAL_Driver/Inc -I../Drivers/STM32F4xx_HAL_Driver/Inc/Legacy -I../Drivers/CMSIS/Device/ST/STM32F4xx/Include -I../Drivers/CMSIS/Include -O0 -ffunction-sections -fdata-sections -Wall -fstack-usage -MMD -MP -MF"Core/Src/main.d" -MT"Core/Src/main.o" --specs=nano.specs -mfpu=fpv4-sp-d16 -mfloat-abi=hard -mthumb -o "Core/Src/main.o"
../Core/Src/main.c: In function 'HAL_GPIO_EXTI_Callback':
../Core/Src/main.c:188:9: warning: implicit declaration of function 'read_acc'; did you mean 'Read_acc'? [-Wimplicit-function-declaration]
  188 |   dataX=read_acc(0x29);
      |         ^~~~~~~~
      |         Read_acc
arm-none-eabi-gcc -o "Class_C.elf" @"objects.list"   -mcpu=cortex-m4 -T"C:\Users\kapla\Desktop\staj2\Class_C\STM32F407VGTX_FLASH.ld" --specs=nosys.specs -Wl,-Map="Class_C.map" -Wl,--gc-sections -static --specs=nano.specs -mfpu=fpv4-sp-d16 -mfloat-abi=hard -mthumb -Wl,--start-group -lc -lm -Wl,--end-group
Finished building target: Class_C.elf
 
arm-none-eabi-size   Class_C.elf 
arm-none-eabi-objdump -h -S  Class_C.elf  > "Class_C.list"
arm-none-eabi-objcopy  -O binary  Class_C.elf  "Class_C.bin"
   text	   data	    bss	    dec	    hex	filename
  18256	     20	   2036	  20312	   4f58	Class_C.elf
Finished building: default.size.stdout
 
Finished building: Class_C.bin
 
Finished building: Class_C.list
 
13:26:34 **** Incremental Build of configuration Debug for project Class_12 ****
make -j8 all 
arm-none-eabi-size   Class_12.elf 
   text	   data	    bss	    dec	    hex	filename
   9348	     20	   1668	  11036	   2b1c	Class_12.elf
Finished building: default.size.stdout
 
13:26:34 **** Incremental Build of configuration Debug for project Class_C ****
make -j8 all 
arm-none-eabi-gcc "../Core/Src/main.c" -mcpu=cortex-m4 -std=gnu11 -g3 -DDEBUG -DUSE_HAL_DRIVER -DSTM32F407xx -c -I../Core/Inc -I../Drivers/STM32F4xx_HAL_Driver/Inc -I../Drivers/STM32F4xx_HAL_Driver/Inc/Legacy -I../Drivers/CMSIS/Device/ST/STM32F4xx/Include -I../Drivers/CMSIS/Include -O0 -ffunction-sections -fdata-sections -Wall -fstack-usage -MMD -MP -MF"Core/Src/main.d" -MT"Core/Src/main.o" --specs=nano.specs -mfpu=fpv4-sp-d16 -mfloat-abi=hard -mthumb -o "Core/Src/main.o"
arm-none-eabi-gcc -o "Class_C.elf" @"objects.list"   -mcpu=cortex-m4 -T"C:\Users\kapla\Desktop\staj2\Class_C\STM32F407VGTX_FLASH.ld" --specs=nosys.specs -Wl,-Map="Class_C.map" -Wl,--gc-sections -static --specs=nano.specs -mfpu=fpv4-sp-d16 -mfloat-abi=hard -mthumb -Wl,--start-group -lc -lm -Wl,--end-group
Finished building target: Class_C.elf
 
arm-none-eabi-size   Class_C.elf 
arm-none-eabi-objdump -h -S  Class_C.elf  > "Class_C.list"
arm-none-eabi-objcopy  -O binary  Class_C.elf  "Class_C.bin"
   text	   data	    bss	    dec	    hex	filename
  18256	     20	   2036	  20312	   4f58	Class_C.elf
Finished building: default.size.stdout
 
Finished building: Class_C.bin
 
Finished building: Class_C.list
 
13:26:38 **** Incremental Build of configuration Debug for project Class_C ****
make -j8 all 
arm-none-eabi-size   Class_C.elf 
   text	   data	    bss	    dec	    hex	filename
  18256	     20	   2036	  20312	   4f58	Class_C.elf
Finished building: default.size.stdout
 
13:32:35 **** Incremental Build of configuration Debug for project Class_C ****
make -j8 all 
arm-none-eabi-gcc "../Drivers/STM32F4xx_HAL_Driver/Src/stm32f4xx_hal.c" -mcpu=cortex-m4 -std=gnu11 -g3 -DDEBUG -DUSE_HAL_DRIVER -DSTM32F407xx -c -I../Core/Inc -I../Drivers/STM32F4xx_HAL_Driver/Inc -I../Drivers/STM32F4xx_HAL_Driver/Inc/Legacy -I../Drivers/CMSIS/Device/ST/STM32F4xx/Include -I../Drivers/CMSIS/Include -O0 -ffunction-sections -fdata-sections -Wall -fstack-usage -MMD -MP -MF"Drivers/STM32F4xx_HAL_Driver/Src/stm32f4xx_hal.d" -MT"Drivers/STM32F4xx_HAL_Driver/Src/stm32f4xx_hal.o" --specs=nano.specs -mfpu=fpv4-sp-d16 -mfloat-abi=hard -mthumb -o "Drivers/STM32F4xx_HAL_Driver/Src/stm32f4xx_hal.o"
arm-none-eabi-gcc "../Drivers/STM32F4xx_HAL_Driver/Src/stm32f4xx_hal_adc.c" -mcpu=cortex-m4 -std=gnu11 -g3 -DDEBUG -DUSE_HAL_DRIVER -DSTM32F407xx -c -I../Core/Inc -I../Drivers/STM32F4xx_HAL_Driver/Inc -I../Drivers/STM32F4xx_HAL_Driver/Inc/Legacy -I../Drivers/CMSIS/Device/ST/STM32F4xx/Include -I../Drivers/CMSIS/Include -O0 -ffunction-sections -fdata-sections -Wall -fstack-usage -MMD -MP -MF"Drivers/STM32F4xx_HAL_Driver/Src/stm32f4xx_hal_adc.d" -MT"Drivers/STM32F4xx_HAL_Driver/Src/stm32f4xx_hal_adc.o" --specs=nano.specs -mfpu=fpv4-sp-d16 -mfloat-abi=hard -mthumb -o "Drivers/STM32F4xx_HAL_Driver/Src/stm32f4xx_hal_adc.o"
arm-none-eabi-gcc "../Drivers/STM32F4xx_HAL_Driver/Src/stm32f4xx_hal_adc_ex.c" -mcpu=cortex-m4 -std=gnu11 -g3 -DDEBUG -DUSE_HAL_DRIVER -DSTM32F407xx -c -I../Core/Inc -I../Drivers/STM32F4xx_HAL_Driver/Inc -I../Drivers/STM32F4xx_HAL_Driver/Inc/Legacy -I../Drivers/CMSIS/Device/ST/STM32F4xx/Include -I../Drivers/CMSIS/Include -O0 -ffunction-sections -fdata-sections -Wall -fstack-usage -MMD -MP -MF"Drivers/STM32F4xx_HAL_Driver/Src/stm32f4xx_hal_adc_ex.d" -MT"Drivers/STM32F4xx_HAL_Driver/Src/stm32f4xx_hal_adc_ex.o" --specs=nano.specs -mfpu=fpv4-sp-d16 -mfloat-abi=hard -mthumb -o "Drivers/STM32F4xx_HAL_Driver/Src/stm32f4xx_hal_adc_ex.o"
arm-none-eabi-gcc "../Drivers/STM32F4xx_HAL_Driver/Src/stm32f4xx_hal_cortex.c" -mcpu=cortex-m4 -std=gnu11 -g3 -DDEBUG -DUSE_HAL_DRIVER -DSTM32F407xx -c -I../Core/Inc -I../Drivers/STM32F4xx_HAL_Driver/Inc -I../Drivers/STM32F4xx_HAL_Driver/Inc/Legacy -I../Drivers/CMSIS/Device/ST/STM32F4xx/Include -I../Drivers/CMSIS/Include -O0 -ffunction-sections -fdata-sections -Wall -fstack-usage -MMD -MP -MF"Drivers/STM32F4xx_HAL_Driver/Src/stm32f4xx_hal_cortex.d" -MT"Drivers/STM32F4xx_HAL_Driver/Src/stm32f4xx_hal_cortex.o" --specs=nano.specs -mfpu=fpv4-sp-d16 -mfloat-abi=hard -mthumb -o "Drivers/STM32F4xx_HAL_Driver/Src/stm32f4xx_hal_cortex.o"
arm-none-eabi-gcc "../Drivers/STM32F4xx_HAL_Driver/Src/stm32f4xx_hal_dma.c" -mcpu=cortex-m4 -std=gnu11 -g3 -DDEBUG -DUSE_HAL_DRIVER -DSTM32F407xx -c -I../Core/Inc -I../Drivers/STM32F4xx_HAL_Driver/Inc -I../Drivers/STM32F4xx_HAL_Driver/Inc/Legacy -I../Drivers/CMSIS/Device/ST/STM32F4xx/Include -I../Drivers/CMSIS/Include -O0 -ffunction-sections -fdata-sections -Wall -fstack-usage -MMD -MP -MF"Drivers/STM32F4xx_HAL_Driver/Src/stm32f4xx_hal_dma.d" -MT"Drivers/STM32F4xx_HAL_Driver/Src/stm32f4xx_hal_dma.o" --specs=nano.specs -mfpu=fpv4-sp-d16 -mfloat-abi=hard -mthumb -o "Drivers/STM32F4xx_HAL_Driver/Src/stm32f4xx_hal_dma.o"
arm-none-eabi-gcc "../Drivers/STM32F4xx_HAL_Driver/Src/stm32f4xx_hal_dma_ex.c" -mcpu=cortex-m4 -std=gnu11 -g3 -DDEBUG -DUSE_HAL_DRIVER -DSTM32F407xx -c -I../Core/Inc -I../Drivers/STM32F4xx_HAL_Driver/Inc -I../Drivers/STM32F4xx_HAL_Driver/Inc/Legacy -I../Drivers/CMSIS/Device/ST/STM32F4xx/Include -I../Drivers/CMSIS/Include -O0 -ffunction-sections -fdata-sections -Wall -fstack-usage -MMD -MP -MF"Drivers/STM32F4xx_HAL_Driver/Src/stm32f4xx_hal_dma_ex.d" -MT"Drivers/STM32F4xx_HAL_Driver/Src/stm32f4xx_hal_dma_ex.o" --specs=nano.specs -mfpu=fpv4-sp-d16 -mfloat-abi=hard -mthumb -o "Drivers/STM32F4xx_HAL_Driver/Src/stm32f4xx_hal_dma_ex.o"
arm-none-eabi-gcc "../Drivers/STM32F4xx_HAL_Driver/Src/stm32f4xx_hal_exti.c" -mcpu=cortex-m4 -std=gnu11 -g3 -DDEBUG -DUSE_HAL_DRIVER -DSTM32F407xx -c -I../Core/Inc -I../Drivers/STM32F4xx_HAL_Driver/Inc -I../Drivers/STM32F4xx_HAL_Driver/Inc/Legacy -I../Drivers/CMSIS/Device/ST/STM32F4xx/Include -I../Drivers/CMSIS/Include -O0 -ffunction-sections -fdata-sections -Wall -fstack-usage -MMD -MP -MF"Drivers/STM32F4xx_HAL_Driver/Src/stm32f4xx_hal_exti.d" -MT"Drivers/STM32F4xx_HAL_Driver/Src/stm32f4xx_hal_exti.o" --specs=nano.specs -mfpu=fpv4-sp-d16 -mfloat-abi=hard -mthumb -o "Drivers/STM32F4xx_HAL_Driver/Src/stm32f4xx_hal_exti.o"
arm-none-eabi-gcc "../Drivers/STM32F4xx_HAL_Driver/Src/stm32f4xx_hal_flash.c" -mcpu=cortex-m4 -std=gnu11 -g3 -DDEBUG -DUSE_HAL_DRIVER -DSTM32F407xx -c -I../Core/Inc -I../Drivers/STM32F4xx_HAL_Driver/Inc -I../Drivers/STM32F4xx_HAL_Driver/Inc/Legacy -I../Drivers/CMSIS/Device/ST/STM32F4xx/Include -I../Drivers/CMSIS/Include -O0 -ffunction-sections -fdata-sections -Wall -fstack-usage -MMD -MP -MF"Drivers/STM32F4xx_HAL_Driver/Src/stm32f4xx_hal_flash.d" -MT"Drivers/STM32F4xx_HAL_Driver/Src/stm32f4xx_hal_flash.o" --specs=nano.specs -mfpu=fpv4-sp-d16 -mfloat-abi=hard -mthumb -o "Drivers/STM32F4xx_HAL_Driver/Src/stm32f4xx_hal_flash.o"
arm-none-eabi-gcc "../Drivers/STM32F4xx_HAL_Driver/Src/stm32f4xx_hal_flash_ex.c" -mcpu=cortex-m4 -std=gnu11 -g3 -DDEBUG -DUSE_HAL_DRIVER -DSTM32F407xx -c -I../Core/Inc -I../Drivers/STM32F4xx_HAL_Driver/Inc -I../Drivers/STM32F4xx_HAL_Driver/Inc/Legacy -I../Drivers/CMSIS/Device/ST/STM32F4xx/Include -I../Drivers/CMSIS/Include -O0 -ffunction-sections -fdata-sections -Wall -fstack-usage -MMD -MP -MF"Drivers/STM32F4xx_HAL_Driver/Src/stm32f4xx_hal_flash_ex.d" -MT"Drivers/STM32F4xx_HAL_Driver/Src/stm32f4xx_hal_flash_ex.o" --specs=nano.specs -mfpu=fpv4-sp-d16 -mfloat-abi=hard -mthumb -o "Drivers/STM32F4xx_HAL_Driver/Src/stm32f4xx_hal_flash_ex.o"
arm-none-eabi-gcc "../Drivers/STM32F4xx_HAL_Driver/Src/stm32f4xx_hal_flash_ramfunc.c" -mcpu=cortex-m4 -std=gnu11 -g3 -DDEBUG -DUSE_HAL_DRIVER -DSTM32F407xx -c -I../Core/Inc -I../Drivers/STM32F4xx_HAL_Driver/Inc -I../Drivers/STM32F4xx_HAL_Driver/Inc/Legacy -I../Drivers/CMSIS/Device/ST/STM32F4xx/Include -I../Drivers/CMSIS/Include -O0 -ffunction-sections -fdata-sections -Wall -fstack-usage -MMD -MP -MF"Drivers/STM32F4xx_HAL_Driver/Src/stm32f4xx_hal_flash_ramfunc.d" -MT"Drivers/STM32F4xx_HAL_Driver/Src/stm32f4xx_hal_flash_ramfunc.o" --specs=nano.specs -mfpu=fpv4-sp-d16 -mfloat-abi=hard -mthumb -o "Drivers/STM32F4xx_HAL_Driver/Src/stm32f4xx_hal_flash_ramfunc.o"
arm-none-eabi-gcc "../Drivers/STM32F4xx_HAL_Driver/Src/stm32f4xx_hal_gpio.c" -mcpu=cortex-m4 -std=gnu11 -g3 -DDEBUG -DUSE_HAL_DRIVER -DSTM32F407xx -c -I../Core/Inc -I../Drivers/STM32F4xx_HAL_Driver/Inc -I../Drivers/STM32F4xx_HAL_Driver/Inc/Legacy -I../Drivers/CMSIS/Device/ST/STM32F4xx/Include -I../Drivers/CMSIS/Include -O0 -ffunction-sections -fdata-sections -Wall -fstack-usage -MMD -MP -MF"Drivers/STM32F4xx_HAL_Driver/Src/stm32f4xx_hal_gpio.d" -MT"Drivers/STM32F4xx_HAL_Driver/Src/stm32f4xx_hal_gpio.o" --specs=nano.specs -mfpu=fpv4-sp-d16 -mfloat-abi=hard -mthumb -o "Drivers/STM32F4xx_HAL_Driver/Src/stm32f4xx_hal_gpio.o"
arm-none-eabi-gcc "../Drivers/STM32F4xx_HAL_Driver/Src/stm32f4xx_hal_pwr.c" -mcpu=cortex-m4 -std=gnu11 -g3 -DDEBUG -DUSE_HAL_DRIVER -DSTM32F407xx -c -I../Core/Inc -I../Drivers/STM32F4xx_HAL_Driver/Inc -I../Drivers/STM32F4xx_HAL_Driver/Inc/Legacy -I../Drivers/CMSIS/Device/ST/STM32F4xx/Include -I../Drivers/CMSIS/Include -O0 -ffunction-sections -fdata-sections -Wall -fstack-usage -MMD -MP -MF"Drivers/STM32F4xx_HAL_Driver/Src/stm32f4xx_hal_pwr.d" -MT"Drivers/STM32F4xx_HAL_Driver/Src/stm32f4xx_hal_pwr.o" --specs=nano.specs -mfpu=fpv4-sp-d16 -mfloat-abi=hard -mthumb -o "Drivers/STM32F4xx_HAL_Driver/Src/stm32f4xx_hal_pwr.o"
arm-none-eabi-gcc "../Drivers/STM32F4xx_HAL_Driver/Src/stm32f4xx_hal_pwr_ex.c" -mcpu=cortex-m4 -std=gnu11 -g3 -DDEBUG -DUSE_HAL_DRIVER -DSTM32F407xx -c -I../Core/Inc -I../Drivers/STM32F4xx_HAL_Driver/Inc -I../Drivers/STM32F4xx_HAL_Driver/Inc/Legacy -I../Drivers/CMSIS/Device/ST/STM32F4xx/Include -I../Drivers/CMSIS/Include -O0 -ffunction-sections -fdata-sections -Wall -fstack-usage -MMD -MP -MF"Drivers/STM32F4xx_HAL_Driver/Src/stm32f4xx_hal_pwr_ex.d" -MT"Drivers/STM32F4xx_HAL_Driver/Src/stm32f4xx_hal_pwr_ex.o" --specs=nano.specs -mfpu=fpv4-sp-d16 -mfloat-abi=hard -mthumb -o "Drivers/STM32F4xx_HAL_Driver/Src/stm32f4xx_hal_pwr_ex.o"
arm-none-eabi-gcc "../Drivers/STM32F4xx_HAL_Driver/Src/stm32f4xx_hal_rcc.c" -mcpu=cortex-m4 -std=gnu11 -g3 -DDEBUG -DUSE_HAL_DRIVER -DSTM32F407xx -c -I../Core/Inc -I../Drivers/STM32F4xx_HAL_Driver/Inc -I../Drivers/STM32F4xx_HAL_Driver/Inc/Legacy -I../Drivers/CMSIS/Device/ST/STM32F4xx/Include -I../Drivers/CMSIS/Include -O0 -ffunction-sections -fdata-sections -Wall -fstack-usage -MMD -MP -MF"Drivers/STM32F4xx_HAL_Driver/Src/stm32f4xx_hal_rcc.d" -MT"Drivers/STM32F4xx_HAL_Driver/Src/stm32f4xx_hal_rcc.o" --specs=nano.specs -mfpu=fpv4-sp-d16 -mfloat-abi=hard -mthumb -o "Drivers/STM32F4xx_HAL_Driver/Src/stm32f4xx_hal_rcc.o"
arm-none-eabi-gcc "../Drivers/STM32F4xx_HAL_Driver/Src/stm32f4xx_hal_rcc_ex.c" -mcpu=cortex-m4 -std=gnu11 -g3 -DDEBUG -DUSE_HAL_DRIVER -DSTM32F407xx -c -I../Core/Inc -I../Drivers/STM32F4xx_HAL_Driver/Inc -I../Drivers/STM32F4xx_HAL_Driver/Inc/Legacy -I../Drivers/CMSIS/Device/ST/STM32F4xx/Include -I../Drivers/CMSIS/Include -O0 -ffunction-sections -fdata-sections -Wall -fstack-usage -MMD -MP -MF"Drivers/STM32F4xx_HAL_Driver/Src/stm32f4xx_hal_rcc_ex.d" -MT"Drivers/STM32F4xx_HAL_Driver/Src/stm32f4xx_hal_rcc_ex.o" --specs=nano.specs -mfpu=fpv4-sp-d16 -mfloat-abi=hard -mthumb -o "Drivers/STM32F4xx_HAL_Driver/Src/stm32f4xx_hal_rcc_ex.o"
arm-none-eabi-gcc "../Drivers/STM32F4xx_HAL_Driver/Src/stm32f4xx_hal_spi.c" -mcpu=cortex-m4 -std=gnu11 -g3 -DDEBUG -DUSE_HAL_DRIVER -DSTM32F407xx -c -I../Core/Inc -I../Drivers/STM32F4xx_HAL_Driver/Inc -I../Drivers/STM32F4xx_HAL_Driver/Inc/Legacy -I../Drivers/CMSIS/Device/ST/STM32F4xx/Include -I../Drivers/CMSIS/Include -O0 -ffunction-sections -fdata-sections -Wall -fstack-usage -MMD -MP -MF"Drivers/STM32F4xx_HAL_Driver/Src/stm32f4xx_hal_spi.d" -MT"Drivers/STM32F4xx_HAL_Driver/Src/stm32f4xx_hal_spi.o" --specs=nano.specs -mfpu=fpv4-sp-d16 -mfloat-abi=hard -mthumb -o "Drivers/STM32F4xx_HAL_Driver/Src/stm32f4xx_hal_spi.o"
arm-none-eabi-gcc "../Drivers/STM32F4xx_HAL_Driver/Src/stm32f4xx_hal_tim.c" -mcpu=cortex-m4 -std=gnu11 -g3 -DDEBUG -DUSE_HAL_DRIVER -DSTM32F407xx -c -I../Core/Inc -I../Drivers/STM32F4xx_HAL_Driver/Inc -I../Drivers/STM32F4xx_HAL_Driver/Inc/Legacy -I../Drivers/CMSIS/Device/ST/STM32F4xx/Include -I../Drivers/CMSIS/Include -O0 -ffunction-sections -fdata-sections -Wall -fstack-usage -MMD -MP -MF"Drivers/STM32F4xx_HAL_Driver/Src/stm32f4xx_hal_tim.d" -MT"Drivers/STM32F4xx_HAL_Driver/Src/stm32f4xx_hal_tim.o" --specs=nano.specs -mfpu=fpv4-sp-d16 -mfloat-abi=hard -mthumb -o "Drivers/STM32F4xx_HAL_Driver/Src/stm32f4xx_hal_tim.o"
arm-none-eabi-gcc "../Drivers/STM32F4xx_HAL_Driver/Src/stm32f4xx_hal_tim_ex.c" -mcpu=cortex-m4 -std=gnu11 -g3 -DDEBUG -DUSE_HAL_DRIVER -DSTM32F407xx -c -I../Core/Inc -I../Drivers/STM32F4xx_HAL_Driver/Inc -I../Drivers/STM32F4xx_HAL_Driver/Inc/Legacy -I../Drivers/CMSIS/Device/ST/STM32F4xx/Include -I../Drivers/CMSIS/Include -O0 -ffunction-sections -fdata-sections -Wall -fstack-usage -MMD -MP -MF"Drivers/STM32F4xx_HAL_Driver/Src/stm32f4xx_hal_tim_ex.d" -MT"Drivers/STM32F4xx_HAL_Driver/Src/stm32f4xx_hal_tim_ex.o" --specs=nano.specs -mfpu=fpv4-sp-d16 -mfloat-abi=hard -mthumb -o "Drivers/STM32F4xx_HAL_Driver/Src/stm32f4xx_hal_tim_ex.o"
arm-none-eabi-gcc "../Drivers/STM32F4xx_HAL_Driver/Src/stm32f4xx_hal_uart.c" -mcpu=cortex-m4 -std=gnu11 -g3 -DDEBUG -DUSE_HAL_DRIVER -DSTM32F407xx -c -I../Core/Inc -I../Drivers/STM32F4xx_HAL_Driver/Inc -I../Drivers/STM32F4xx_HAL_Driver/Inc/Legacy -I../Drivers/CMSIS/Device/ST/STM32F4xx/Include -I../Drivers/CMSIS/Include -O0 -ffunction-sections -fdata-sections -Wall -fstack-usage -MMD -MP -MF"Drivers/STM32F4xx_HAL_Driver/Src/stm32f4xx_hal_uart.d" -MT"Drivers/STM32F4xx_HAL_Driver/Src/stm32f4xx_hal_uart.o" --specs=nano.specs -mfpu=fpv4-sp-d16 -mfloat-abi=hard -mthumb -o "Drivers/STM32F4xx_HAL_Driver/Src/stm32f4xx_hal_uart.o"
arm-none-eabi-gcc "../Core/Src/main.c" -mcpu=cortex-m4 -std=gnu11 -g3 -DDEBUG -DUSE_HAL_DRIVER -DSTM32F407xx -c -I../Core/Inc -I../Drivers/STM32F4xx_HAL_Driver/Inc -I../Drivers/STM32F4xx_HAL_Driver/Inc/Legacy -I../Drivers/CMSIS/Device/ST/STM32F4xx/Include -I../Drivers/CMSIS/Include -O0 -ffunction-sections -fdata-sections -Wall -fstack-usage -MMD -MP -MF"Core/Src/main.d" -MT"Core/Src/main.o" --specs=nano.specs -mfpu=fpv4-sp-d16 -mfloat-abi=hard -mthumb -o "Core/Src/main.o"
arm-none-eabi-gcc "../Core/Src/stm32f4xx_hal_msp.c" -mcpu=cortex-m4 -std=gnu11 -g3 -DDEBUG -DUSE_HAL_DRIVER -DSTM32F407xx -c -I../Core/Inc -I../Drivers/STM32F4xx_HAL_Driver/Inc -I../Drivers/STM32F4xx_HAL_Driver/Inc/Legacy -I../Drivers/CMSIS/Device/ST/STM32F4xx/Include -I../Drivers/CMSIS/Include -O0 -ffunction-sections -fdata-sections -Wall -fstack-usage -MMD -MP -MF"Core/Src/stm32f4xx_hal_msp.d" -MT"Core/Src/stm32f4xx_hal_msp.o" --specs=nano.specs -mfpu=fpv4-sp-d16 -mfloat-abi=hard -mthumb -o "Core/Src/stm32f4xx_hal_msp.o"
arm-none-eabi-gcc "../Core/Src/stm32f4xx_it.c" -mcpu=cortex-m4 -std=gnu11 -g3 -DDEBUG -DUSE_HAL_DRIVER -DSTM32F407xx -c -I../Core/Inc -I../Drivers/STM32F4xx_HAL_Driver/Inc -I../Drivers/STM32F4xx_HAL_Driver/Inc/Legacy -I../Drivers/CMSIS/Device/ST/STM32F4xx/Include -I../Drivers/CMSIS/Include -O0 -ffunction-sections -fdata-sections -Wall -fstack-usage -MMD -MP -MF"Core/Src/stm32f4xx_it.d" -MT"Core/Src/stm32f4xx_it.o" --specs=nano.specs -mfpu=fpv4-sp-d16 -mfloat-abi=hard -mthumb -o "Core/Src/stm32f4xx_it.o"
arm-none-eabi-gcc "../Core/Src/system_stm32f4xx.c" -mcpu=cortex-m4 -std=gnu11 -g3 -DDEBUG -DUSE_HAL_DRIVER -DSTM32F407xx -c -I../Core/Inc -I../Drivers/STM32F4xx_HAL_Driver/Inc -I../Drivers/STM32F4xx_HAL_Driver/Inc/Legacy -I../Drivers/CMSIS/Device/ST/STM32F4xx/Include -I../Drivers/CMSIS/Include -O0 -ffunction-sections -fdata-sections -Wall -fstack-usage -MMD -MP -MF"Core/Src/system_stm32f4xx.d" -MT"Core/Src/system_stm32f4xx.o" --specs=nano.specs -mfpu=fpv4-sp-d16 -mfloat-abi=hard -mthumb -o "Core/Src/system_stm32f4xx.o"
arm-none-eabi-gcc -o "Class_C.elf" @"objects.list"   -mcpu=cortex-m4 -T"C:\Users\kapla\Desktop\staj2\Class_C\STM32F407VGTX_FLASH.ld" --specs=nosys.specs -Wl,-Map="Class_C.map" -Wl,--gc-sections -static --specs=nano.specs -mfpu=fpv4-sp-d16 -mfloat-abi=hard -mthumb -Wl,--start-group -lc -lm -Wl,--end-group
Finished building target: Class_C.elf
 
arm-none-eabi-size   Class_C.elf 
arm-none-eabi-objdump -h -S  Class_C.elf  > "Class_C.list"
arm-none-eabi-objcopy  -O binary  Class_C.elf  "Class_C.bin"
   text	   data	    bss	    dec	    hex	filename
  18504	     20	   2036	  20560	   5050	Class_C.elf
Finished building: default.size.stdout
 
Finished building: Class_C.bin
 
Finished building: Class_C.list
 
14:09:20 **** Incremental Build of configuration Debug for project Class_C ****
make -j8 all 
arm-none-eabi-gcc "../Core/Src/main.c" -mcpu=cortex-m4 -std=gnu11 -g3 -DDEBUG -DUSE_HAL_DRIVER -DSTM32F407xx -c -I../Core/Inc -I../Drivers/STM32F4xx_HAL_Driver/Inc -I../Drivers/STM32F4xx_HAL_Driver/Inc/Legacy -I../Drivers/CMSIS/Device/ST/STM32F4xx/Include -I../Drivers/CMSIS/Include -O0 -ffunction-sections -fdata-sections -Wall -fstack-usage -MMD -MP -MF"Core/Src/main.d" -MT"Core/Src/main.o" --specs=nano.specs -mfpu=fpv4-sp-d16 -mfloat-abi=hard -mthumb -o "Core/Src/main.o"
arm-none-eabi-gcc -o "Class_C.elf" @"objects.list"   -mcpu=cortex-m4 -T"C:\Users\kapla\Desktop\staj2\Class_C\STM32F407VGTX_FLASH.ld" --specs=nosys.specs -Wl,-Map="Class_C.map" -Wl,--gc-sections -static --specs=nano.specs -mfpu=fpv4-sp-d16 -mfloat-abi=hard -mthumb -Wl,--start-group -lc -lm -Wl,--end-group
Finished building target: Class_C.elf
 
arm-none-eabi-size   Class_C.elf 
arm-none-eabi-objdump -h -S  Class_C.elf  > "Class_C.list"
arm-none-eabi-objcopy  -O binary  Class_C.elf  "Class_C.bin"
   text	   data	    bss	    dec	    hex	filename
  18504	     20	   2036	  20560	   5050	Class_C.elf
Finished building: default.size.stdout
 
Finished building: Class_C.bin
 
Finished building: Class_C.list
 
14:11:52 **** Incremental Build of configuration Debug for project Class_C ****
make -j8 all 
arm-none-eabi-size   Class_C.elf 
   text	   data	    bss	    dec	    hex	filename
  18504	     20	   2036	  20560	   5050	Class_C.elf
Finished building: default.size.stdout
 
14:12:22 **** Incremental Build of configuration Debug for project Class_C ****
make -j8 all 
arm-none-eabi-gcc "../Core/Src/main.c" -mcpu=cortex-m4 -std=gnu11 -g3 -DDEBUG -DUSE_HAL_DRIVER -DSTM32F407xx -c -I../Core/Inc -I../Drivers/STM32F4xx_HAL_Driver/Inc -I../Drivers/STM32F4xx_HAL_Driver/Inc/Legacy -I../Drivers/CMSIS/Device/ST/STM32F4xx/Include -I../Drivers/CMSIS/Include -O0 -ffunction-sections -fdata-sections -Wall -fstack-usage -MMD -MP -MF"Core/Src/main.d" -MT"Core/Src/main.o" --specs=nano.specs -mfpu=fpv4-sp-d16 -mfloat-abi=hard -mthumb -o "Core/Src/main.o"
arm-none-eabi-gcc -o "Class_C.elf" @"objects.list"   -mcpu=cortex-m4 -T"C:\Users\kapla\Desktop\staj2\Class_C\STM32F407VGTX_FLASH.ld" --specs=nosys.specs -Wl,-Map="Class_C.map" -Wl,--gc-sections -static --specs=nano.specs -mfpu=fpv4-sp-d16 -mfloat-abi=hard -mthumb -Wl,--start-group -lc -lm -Wl,--end-group
Finished building target: Class_C.elf
 
arm-none-eabi-size   Class_C.elf 
arm-none-eabi-objdump -h -S  Class_C.elf  > "Class_C.list"
arm-none-eabi-objcopy  -O binary  Class_C.elf  "Class_C.bin"
   text	   data	    bss	    dec	    hex	filename
  18488	     20	   2036	  20544	   5040	Class_C.elf
Finished building: default.size.stdout
 
Finished building: Class_C.bin
 
Finished building: Class_C.list
 
14:23:16 **** Incremental Build of configuration Debug for project Class_C ****
make -j8 all 
arm-none-eabi-size   Class_C.elf 
   text	   data	    bss	    dec	    hex	filename
  18488	     20	   2036	  20544	   5040	Class_C.elf
Finished building: default.size.stdout
 
14:25:21 **** Incremental Build of configuration Debug for project Class_C ****
make -j8 all 
arm-none-eabi-size   Class_C.elf 
   text	   data	    bss	    dec	    hex	filename
  18488	     20	   2036	  20544	   5040	Class_C.elf
Finished building: default.size.stdout
 
14:31:45 **** Incremental Build of configuration Debug for project Class_C ****
make -j8 all 
arm-none-eabi-size   Class_C.elf 
   text	   data	    bss	    dec	    hex	filename
  18488	     20	   2036	  20544	   5040	Class_C.elf
Finished building: default.size.stdout
 
14:34:27 **** Incremental Build of configuration Debug for project Class_C ****
make -j8 all 
arm-none-eabi-gcc "../Core/Src/main.c" -mcpu=cortex-m4 -std=gnu11 -g3 -DDEBUG -DUSE_HAL_DRIVER -DSTM32F407xx -c -I../Core/Inc -I../Drivers/STM32F4xx_HAL_Driver/Inc -I../Drivers/STM32F4xx_HAL_Driver/Inc/Legacy -I../Drivers/CMSIS/Device/ST/STM32F4xx/Include -I../Drivers/CMSIS/Include -O0 -ffunction-sections -fdata-sections -Wall -fstack-usage -MMD -MP -MF"Core/Src/main.d" -MT"Core/Src/main.o" --specs=nano.specs -mfpu=fpv4-sp-d16 -mfloat-abi=hard -mthumb -o "Core/Src/main.o"
arm-none-eabi-gcc -o "Class_C.elf" @"objects.list"   -mcpu=cortex-m4 -T"C:\Users\kapla\Desktop\staj2\Class_C\STM32F407VGTX_FLASH.ld" --specs=nosys.specs -Wl,-Map="Class_C.map" -Wl,--gc-sections -static --specs=nano.specs -mfpu=fpv4-sp-d16 -mfloat-abi=hard -mthumb -Wl,--start-group -lc -lm -Wl,--end-group
Finished building target: Class_C.elf
 
arm-none-eabi-size   Class_C.elf 
arm-none-eabi-objdump -h -S  Class_C.elf  > "Class_C.list"
arm-none-eabi-objcopy  -O binary  Class_C.elf  "Class_C.bin"
   text	   data	    bss	    dec	    hex	filename
  18488	     20	   2036	  20544	   5040	Class_C.elf
Finished building: default.size.stdout
 
Finished building: Class_C.bin
 
Finished building: Class_C.list
 
14:38:07 **** Incremental Build of configuration Debug for project Class_C ****
make -j8 all 
arm-none-eabi-gcc "../Core/Src/main.c" -mcpu=cortex-m4 -std=gnu11 -g3 -DDEBUG -DUSE_HAL_DRIVER -DSTM32F407xx -c -I../Core/Inc -I../Drivers/STM32F4xx_HAL_Driver/Inc -I../Drivers/STM32F4xx_HAL_Driver/Inc/Legacy -I../Drivers/CMSIS/Device/ST/STM32F4xx/Include -I../Drivers/CMSIS/Include -O0 -ffunction-sections -fdata-sections -Wall -fstack-usage -MMD -MP -MF"Core/Src/main.d" -MT"Core/Src/main.o" --specs=nano.specs -mfpu=fpv4-sp-d16 -mfloat-abi=hard -mthumb -o "Core/Src/main.o"
arm-none-eabi-gcc -o "Class_C.elf" @"objects.list"   -mcpu=cortex-m4 -T"C:\Users\kapla\Desktop\staj2\Class_C\STM32F407VGTX_FLASH.ld" --specs=nosys.specs -Wl,-Map="Class_C.map" -Wl,--gc-sections -static --specs=nano.specs -mfpu=fpv4-sp-d16 -mfloat-abi=hard -mthumb -Wl,--start-group -lc -lm -Wl,--end-group
Finished building target: Class_C.elf
 
arm-none-eabi-size   Class_C.elf 
arm-none-eabi-objdump -h -S  Class_C.elf  > "Class_C.list"
arm-none-eabi-objcopy  -O binary  Class_C.elf  "Class_C.bin"
   text	   data	    bss	    dec	    hex	filename
  18504	     20	   2036	  20560	   5050	Class_C.elf
Finished building: default.size.stdout
 
Finished building: Class_C.bin
 
Finished building: Class_C.list
 
14:40:11 **** Incremental Build of configuration Debug for project Class_C ****
make -j8 all 
arm-none-eabi-gcc "../Core/Src/main.c" -mcpu=cortex-m4 -std=gnu11 -g3 -DDEBUG -DUSE_HAL_DRIVER -DSTM32F407xx -c -I../Core/Inc -I../Drivers/STM32F4xx_HAL_Driver/Inc -I../Drivers/STM32F4xx_HAL_Driver/Inc/Legacy -I../Drivers/CMSIS/Device/ST/STM32F4xx/Include -I../Drivers/CMSIS/Include -O0 -ffunction-sections -fdata-sections -Wall -fstack-usage -MMD -MP -MF"Core/Src/main.d" -MT"Core/Src/main.o" --specs=nano.specs -mfpu=fpv4-sp-d16 -mfloat-abi=hard -mthumb -o "Core/Src/main.o"
arm-none-eabi-gcc -o "Class_C.elf" @"objects.list"   -mcpu=cortex-m4 -T"C:\Users\kapla\Desktop\staj2\Class_C\STM32F407VGTX_FLASH.ld" --specs=nosys.specs -Wl,-Map="Class_C.map" -Wl,--gc-sections -static --specs=nano.specs -mfpu=fpv4-sp-d16 -mfloat-abi=hard -mthumb -Wl,--start-group -lc -lm -Wl,--end-group
Finished building target: Class_C.elf
 
arm-none-eabi-size   Class_C.elf 
arm-none-eabi-objdump -h -S  Class_C.elf  > "Class_C.list"
arm-none-eabi-objcopy  -O binary  Class_C.elf  "Class_C.bin"
   text	   data	    bss	    dec	    hex	filename
  18488	     20	   2036	  20544	   5040	Class_C.elf
Finished building: default.size.stdout
 
Finished building: Class_C.bin
 
Finished building: Class_C.list
 
14:41:57 **** Incremental Build of configuration Debug for project Class_C ****
make -j8 all 
arm-none-eabi-gcc "../Core/Src/main.c" -mcpu=cortex-m4 -std=gnu11 -g3 -DDEBUG -DUSE_HAL_DRIVER -DSTM32F407xx -c -I../Core/Inc -I../Drivers/STM32F4xx_HAL_Driver/Inc -I../Drivers/STM32F4xx_HAL_Driver/Inc/Legacy -I../Drivers/CMSIS/Device/ST/STM32F4xx/Include -I../Drivers/CMSIS/Include -O0 -ffunction-sections -fdata-sections -Wall -fstack-usage -MMD -MP -MF"Core/Src/main.d" -MT"Core/Src/main.o" --specs=nano.specs -mfpu=fpv4-sp-d16 -mfloat-abi=hard -mthumb -o "Core/Src/main.o"
arm-none-eabi-gcc -o "Class_C.elf" @"objects.list"   -mcpu=cortex-m4 -T"C:\Users\kapla\Desktop\staj2\Class_C\STM32F407VGTX_FLASH.ld" --specs=nosys.specs -Wl,-Map="Class_C.map" -Wl,--gc-sections -static --specs=nano.specs -mfpu=fpv4-sp-d16 -mfloat-abi=hard -mthumb -Wl,--start-group -lc -lm -Wl,--end-group
Finished building target: Class_C.elf
 
arm-none-eabi-size   Class_C.elf 
arm-none-eabi-objdump -h -S  Class_C.elf  > "Class_C.list"
arm-none-eabi-objcopy  -O binary  Class_C.elf  "Class_C.bin"
   text	   data	    bss	    dec	    hex	filename
  18460	     20	   2036	  20516	   5024	Class_C.elf
Finished building: default.size.stdout
 
Finished building: Class_C.bin
 
Finished building: Class_C.list
 
14:47:21 **** Incremental Build of configuration Debug for project Class_C ****
make -j8 all 
arm-none-eabi-gcc "../Core/Src/main.c" -mcpu=cortex-m4 -std=gnu11 -g3 -DDEBUG -DUSE_HAL_DRIVER -DSTM32F407xx -c -I../Core/Inc -I../Drivers/STM32F4xx_HAL_Driver/Inc -I../Drivers/STM32F4xx_HAL_Driver/Inc/Legacy -I../Drivers/CMSIS/Device/ST/STM32F4xx/Include -I../Drivers/CMSIS/Include -O0 -ffunction-sections -fdata-sections -Wall -fstack-usage -MMD -MP -MF"Core/Src/main.d" -MT"Core/Src/main.o" --specs=nano.specs -mfpu=fpv4-sp-d16 -mfloat-abi=hard -mthumb -o "Core/Src/main.o"
arm-none-eabi-gcc -o "Class_C.elf" @"objects.list"   -mcpu=cortex-m4 -T"C:\Users\kapla\Desktop\staj2\Class_C\STM32F407VGTX_FLASH.ld" --specs=nosys.specs -Wl,-Map="Class_C.map" -Wl,--gc-sections -static --specs=nano.specs -mfpu=fpv4-sp-d16 -mfloat-abi=hard -mthumb -Wl,--start-group -lc -lm -Wl,--end-group
Finished building target: Class_C.elf
 
arm-none-eabi-size   Class_C.elf 
arm-none-eabi-objdump -h -S  Class_C.elf  > "Class_C.list"
arm-none-eabi-objcopy  -O binary  Class_C.elf  "Class_C.bin"
   text	   data	    bss	    dec	    hex	filename
  18504	     20	   2036	  20560	   5050	Class_C.elf
Finished building: default.size.stdout
 
Finished building: Class_C.bin
 
Finished building: Class_C.list
 
14:50:27 **** Incremental Build of configuration Debug for project Class_C ****
make -j8 all 
arm-none-eabi-size   Class_C.elf 
   text	   data	    bss	    dec	    hex	filename
  18504	     20	   2036	  20560	   5050	Class_C.elf
Finished building: default.size.stdout
 
14:53:04 **** Incremental Build of configuration Debug for project Class_C ****
make -j8 all 
arm-none-eabi-gcc "../Core/Src/main.c" -mcpu=cortex-m4 -std=gnu11 -g3 -DDEBUG -DUSE_HAL_DRIVER -DSTM32F407xx -c -I../Core/Inc -I../Drivers/STM32F4xx_HAL_Driver/Inc -I../Drivers/STM32F4xx_HAL_Driver/Inc/Legacy -I../Drivers/CMSIS/Device/ST/STM32F4xx/Include -I../Drivers/CMSIS/Include -O0 -ffunction-sections -fdata-sections -Wall -fstack-usage -MMD -MP -MF"Core/Src/main.d" -MT"Core/Src/main.o" --specs=nano.specs -mfpu=fpv4-sp-d16 -mfloat-abi=hard -mthumb -o "Core/Src/main.o"
arm-none-eabi-gcc -o "Class_C.elf" @"objects.list"   -mcpu=cortex-m4 -T"C:\Users\kapla\Desktop\staj2\Class_C\STM32F407VGTX_FLASH.ld" --specs=nosys.specs -Wl,-Map="Class_C.map" -Wl,--gc-sections -static --specs=nano.specs -mfpu=fpv4-sp-d16 -mfloat-abi=hard -mthumb -Wl,--start-group -lc -lm -Wl,--end-group
Finished building target: Class_C.elf
 
arm-none-eabi-size   Class_C.elf 
arm-none-eabi-objdump -h -S  Class_C.elf  > "Class_C.list"
arm-none-eabi-objcopy  -O binary  Class_C.elf  "Class_C.bin"
   text	   data	    bss	    dec	    hex	filename
  18504	     20	   2036	  20560	   5050	Class_C.elf
Finished building: default.size.stdout
 
Finished building: Class_C.bin
 
Finished building: Class_C.list
 
14:54:01 **** Incremental Build of configuration Debug for project Class_C ****
make -j8 all 
arm-none-eabi-gcc "../Core/Src/main.c" -mcpu=cortex-m4 -std=gnu11 -g3 -DDEBUG -DUSE_HAL_DRIVER -DSTM32F407xx -c -I../Core/Inc -I../Drivers/STM32F4xx_HAL_Driver/Inc -I../Drivers/STM32F4xx_HAL_Driver/Inc/Legacy -I../Drivers/CMSIS/Device/ST/STM32F4xx/Include -I../Drivers/CMSIS/Include -O0 -ffunction-sections -fdata-sections -Wall -fstack-usage -MMD -MP -MF"Core/Src/main.d" -MT"Core/Src/main.o" --specs=nano.specs -mfpu=fpv4-sp-d16 -mfloat-abi=hard -mthumb -o "Core/Src/main.o"
arm-none-eabi-gcc -o "Class_C.elf" @"objects.list"   -mcpu=cortex-m4 -T"C:\Users\kapla\Desktop\staj2\Class_C\STM32F407VGTX_FLASH.ld" --specs=nosys.specs -Wl,-Map="Class_C.map" -Wl,--gc-sections -static --specs=nano.specs -mfpu=fpv4-sp-d16 -mfloat-abi=hard -mthumb -Wl,--start-group -lc -lm -Wl,--end-group
Finished building target: Class_C.elf
 
arm-none-eabi-size   Class_C.elf 
arm-none-eabi-objdump -h -S  Class_C.elf  > "Class_C.list"
arm-none-eabi-objcopy  -O binary  Class_C.elf  "Class_C.bin"
   text	   data	    bss	    dec	    hex	filename
  18520	     20	   2036	  20576	   5060	Class_C.elf
Finished building: default.size.stdout
 
Finished building: Class_C.bin
 
Finished building: Class_C.list
 
14:57:35 **** Incremental Build of configuration Debug for project Class_C ****
make -j8 all 
arm-none-eabi-gcc "../Core/Src/main.c" -mcpu=cortex-m4 -std=gnu11 -g3 -DDEBUG -DUSE_HAL_DRIVER -DSTM32F407xx -c -I../Core/Inc -I../Drivers/STM32F4xx_HAL_Driver/Inc -I../Drivers/STM32F4xx_HAL_Driver/Inc/Legacy -I../Drivers/CMSIS/Device/ST/STM32F4xx/Include -I../Drivers/CMSIS/Include -O0 -ffunction-sections -fdata-sections -Wall -fstack-usage -MMD -MP -MF"Core/Src/main.d" -MT"Core/Src/main.o" --specs=nano.specs -mfpu=fpv4-sp-d16 -mfloat-abi=hard -mthumb -o "Core/Src/main.o"
arm-none-eabi-gcc -o "Class_C.elf" @"objects.list"   -mcpu=cortex-m4 -T"C:\Users\kapla\Desktop\staj2\Class_C\STM32F407VGTX_FLASH.ld" --specs=nosys.specs -Wl,-Map="Class_C.map" -Wl,--gc-sections -static --specs=nano.specs -mfpu=fpv4-sp-d16 -mfloat-abi=hard -mthumb -Wl,--start-group -lc -lm -Wl,--end-group
Finished building target: Class_C.elf
 
arm-none-eabi-size   Class_C.elf 
arm-none-eabi-objdump -h -S  Class_C.elf  > "Class_C.list"
arm-none-eabi-objcopy  -O binary  Class_C.elf  "Class_C.bin"
   text	   data	    bss	    dec	    hex	filename
  18520	     20	   2036	  20576	   5060	Class_C.elf
Finished building: default.size.stdout
 
Finished building: Class_C.bin
 
Finished building: Class_C.list
 
14:59:40 **** Incremental Build of configuration Debug for project Class_C ****
make -j8 all 
arm-none-eabi-size   Class_C.elf 
   text	   data	    bss	    dec	    hex	filename
  18520	     20	   2036	  20576	   5060	Class_C.elf
Finished building: default.size.stdout
 
14:59:52 **** Incremental Build of configuration Debug for project Class_C ****
make -j8 all 
arm-none-eabi-size   Class_C.elf 
   text	   data	    bss	    dec	    hex	filename
  18520	     20	   2036	  20576	   5060	Class_C.elf
Finished building: default.size.stdout
 
15:16:50 **** Incremental Build of configuration Debug for project Class_C ****
make -j8 all 
arm-none-eabi-gcc "../Core/Src/main.c" -mcpu=cortex-m4 -std=gnu11 -g3 -DDEBUG -DUSE_HAL_DRIVER -DSTM32F407xx -c -I../Core/Inc -I../Drivers/STM32F4xx_HAL_Driver/Inc -I../Drivers/STM32F4xx_HAL_Driver/Inc/Legacy -I../Drivers/CMSIS/Device/ST/STM32F4xx/Include -I../Drivers/CMSIS/Include -O0 -ffunction-sections -fdata-sections -Wall -fstack-usage -MMD -MP -MF"Core/Src/main.d" -MT"Core/Src/main.o" --specs=nano.specs -mfpu=fpv4-sp-d16 -mfloat-abi=hard -mthumb -o "Core/Src/main.o"
../Core/Src/main.c: In function 'CheckData':
../Core/Src/main.c:143:71: error: invalid operands to binary << (have 'double' and 'int')
  143 |     HAL_GPIO_WritePin(GPIOD, (uint16_t)(pow(2,((uint8_t)rx_data[1]-1))<<12), (GPIO_PinState)(rx_data[2]&0x1));
      |                                         ~~~~~~~~~~~~~~~~~~~~~~~~~~~~~~^~
      |                                         |
      |                                         double
make: *** [Core/Src/subdir.mk:34: Core/Src/main.o] Error 1
"make -j8 all" terminated with exit code 2. Build might be incomplete.
15:17:38 **** Incremental Build of configuration Debug for project Class_C ****
make -j8 all 
arm-none-eabi-gcc "../Core/Src/main.c" -mcpu=cortex-m4 -std=gnu11 -g3 -DDEBUG -DUSE_HAL_DRIVER -DSTM32F407xx -c -I../Core/Inc -I../Drivers/STM32F4xx_HAL_Driver/Inc -I../Drivers/STM32F4xx_HAL_Driver/Inc/Legacy -I../Drivers/CMSIS/Device/ST/STM32F4xx/Include -I../Drivers/CMSIS/Include -O0 -ffunction-sections -fdata-sections -Wall -fstack-usage -MMD -MP -MF"Core/Src/main.d" -MT"Core/Src/main.o" --specs=nano.specs -mfpu=fpv4-sp-d16 -mfloat-abi=hard -mthumb -o "Core/Src/main.o"
../Core/Src/main.c: In function 'CheckData':
../Core/Src/main.c:143:81: error: invalid operands to binary << (have 'double' and 'int')
  143 |     HAL_GPIO_WritePin(GPIOD, (uint16_t)((uint8_t)(pow(2,((uint8_t)rx_data[1]-1))<<12), (GPIO_PinState)(rx_data[2]&0x1));
      |                                                   ~~~~~~~~~~~~~~~~~~~~~~~~~~~~~~^~
      |                                                   |
      |                                                   double
../Core/Src/main.c:143:86: warning: left-hand operand of comma expression has no effect [-Wunused-value]
  143 |     HAL_GPIO_WritePin(GPIOD, (uint16_t)((uint8_t)(pow(2,((uint8_t)rx_data[1]-1))<<12), (GPIO_PinState)(rx_data[2]&0x1));
      |                                                                                      ^
../Core/Src/main.c:143:120: error: expected ')' before ';' token
  143 |     HAL_GPIO_WritePin(GPIOD, (uint16_t)((uint8_t)(pow(2,((uint8_t)rx_data[1]-1))<<12), (GPIO_PinState)(rx_data[2]&0x1));
      |                                                                                                                        ^
      |                                                                                                                        )
../Core/Src/main.c:143:5: error: too few arguments to function 'HAL_GPIO_WritePin'
  143 |     HAL_GPIO_WritePin(GPIOD, (uint16_t)((uint8_t)(pow(2,((uint8_t)rx_data[1]-1))<<12), (GPIO_PinState)(rx_data[2]&0x1));
      |     ^~~~~~~~~~~~~~~~~
In file included from ../Core/Inc/stm32f4xx_hal_conf.h:279,
                 from ../Drivers/STM32F4xx_HAL_Driver/Inc/stm32f4xx_hal.h:30,
                 from ../Core/Inc/main.h:30,
                 from ../Core/Src/main.c:20:
../Drivers/STM32F4xx_HAL_Driver/Inc/stm32f4xx_hal_gpio.h:236:6: note: declared here
  236 | void HAL_GPIO_WritePin(GPIO_TypeDef* GPIOx, uint16_t GPIO_Pin, GPIO_PinState PinState);
      |      ^~~~~~~~~~~~~~~~~
../Core/Src/main.c:144:18: error: expected ';' before '}' token
  144 |   default: break;
      |                  ^
      |                  ;
  145 |  }
      |  ~                
make: *** [Core/Src/subdir.mk:34: Core/Src/main.o] Error 1
"make -j8 all" terminated with exit code 2. Build might be incomplete.
15:17:53 **** Incremental Build of configuration Debug for project Class_C ****
make -j8 all 
arm-none-eabi-gcc "../Core/Src/main.c" -mcpu=cortex-m4 -std=gnu11 -g3 -DDEBUG -DUSE_HAL_DRIVER -DSTM32F407xx -c -I../Core/Inc -I../Drivers/STM32F4xx_HAL_Driver/Inc -I../Drivers/STM32F4xx_HAL_Driver/Inc/Legacy -I../Drivers/CMSIS/Device/ST/STM32F4xx/Include -I../Drivers/CMSIS/Include -O0 -ffunction-sections -fdata-sections -Wall -fstack-usage -MMD -MP -MF"Core/Src/main.d" -MT"Core/Src/main.o" --specs=nano.specs -mfpu=fpv4-sp-d16 -mfloat-abi=hard -mthumb -o "Core/Src/main.o"
../Core/Src/main.c: In function 'CheckData':
../Core/Src/main.c:143:71: error: invalid operands to binary << (have 'double' and 'int')
  143 |     HAL_GPIO_WritePin(GPIOD, (uint16_t)(pow(2,((uint8_t)rx_data[1]-1))<<12), (GPIO_PinState)(rx_data[2]&0x1));
      |                                         ~~~~~~~~~~~~~~~~~~~~~~~~~~~~~~^~
      |                                         |
      |                                         double
make: *** [Core/Src/subdir.mk:34: Core/Src/main.o] Error 1
"make -j8 all" terminated with exit code 2. Build might be incomplete.
15:19:22 **** Incremental Build of configuration Debug for project Class_C ****
make -j8 all 
arm-none-eabi-gcc "../Core/Src/main.c" -mcpu=cortex-m4 -std=gnu11 -g3 -DDEBUG -DUSE_HAL_DRIVER -DSTM32F407xx -c -I../Core/Inc -I../Drivers/STM32F4xx_HAL_Driver/Inc -I../Drivers/STM32F4xx_HAL_Driver/Inc/Legacy -I../Drivers/CMSIS/Device/ST/STM32F4xx/Include -I../Drivers/CMSIS/Include -O0 -ffunction-sections -fdata-sections -Wall -fstack-usage -MMD -MP -MF"Core/Src/main.d" -MT"Core/Src/main.o" --specs=nano.specs -mfpu=fpv4-sp-d16 -mfloat-abi=hard -mthumb -o "Core/Src/main.o"
arm-none-eabi-gcc -o "Class_C.elf" @"objects.list"   -mcpu=cortex-m4 -T"C:\Users\kapla\Desktop\staj2\Class_C\STM32F407VGTX_FLASH.ld" --specs=nosys.specs -Wl,-Map="Class_C.map" -Wl,--gc-sections -static --specs=nano.specs -mfpu=fpv4-sp-d16 -mfloat-abi=hard -mthumb -Wl,--start-group -lc -lm -Wl,--end-group
Finished building target: Class_C.elf
 
arm-none-eabi-size   Class_C.elf 
arm-none-eabi-objdump -h -S  Class_C.elf  > "Class_C.list"
arm-none-eabi-objcopy  -O binary  Class_C.elf  "Class_C.bin"
   text	   data	    bss	    dec	    hex	filename
  24916	    124	   2036	  27076	   69c4	Class_C.elf
Finished building: default.size.stdout
 
Finished building: Class_C.bin
 
Finished building: Class_C.list
 
15:19:32 **** Incremental Build of configuration Debug for project Class_C ****
make -j8 all 
arm-none-eabi-size   Class_C.elf 
   text	   data	    bss	    dec	    hex	filename
  24916	    124	   2036	  27076	   69c4	Class_C.elf
Finished building: default.size.stdout
 
15:34:52 **** Incremental Build of configuration Debug for project Class_C ****
make -j8 all 
arm-none-eabi-gcc "../Core/Src/main.c" -mcpu=cortex-m4 -std=gnu11 -g3 -DDEBUG -DUSE_HAL_DRIVER -DSTM32F407xx -c -I../Core/Inc -I../Drivers/STM32F4xx_HAL_Driver/Inc -I../Drivers/STM32F4xx_HAL_Driver/Inc/Legacy -I../Drivers/CMSIS/Device/ST/STM32F4xx/Include -I../Drivers/CMSIS/Include -O0 -ffunction-sections -fdata-sections -Wall -fstack-usage -MMD -MP -MF"Core/Src/main.d" -MT"Core/Src/main.o" --specs=nano.specs -mfpu=fpv4-sp-d16 -mfloat-abi=hard -mthumb -o "Core/Src/main.o"
arm-none-eabi-gcc -o "Class_C.elf" @"objects.list"   -mcpu=cortex-m4 -T"C:\Users\kapla\Desktop\staj2\Class_C\STM32F407VGTX_FLASH.ld" --specs=nosys.specs -Wl,-Map="Class_C.map" -Wl,--gc-sections -static --specs=nano.specs -mfpu=fpv4-sp-d16 -mfloat-abi=hard -mthumb -Wl,--start-group -lc -lm -Wl,--end-group
Finished building target: Class_C.elf
 
arm-none-eabi-size   Class_C.elf 
arm-none-eabi-objdump -h -S  Class_C.elf  > "Class_C.list"
arm-none-eabi-objcopy  -O binary  Class_C.elf  "Class_C.bin"
   text	   data	    bss	    dec	    hex	filename
  24828	    124	   2036	  26988	   696c	Class_C.elf
Finished building: default.size.stdout
 
Finished building: Class_C.bin
 
Finished building: Class_C.list
 
15:40:22 **** Incremental Build of configuration Debug for project Class_C ****
make -j8 all 
arm-none-eabi-gcc "../Core/Src/main.c" -mcpu=cortex-m4 -std=gnu11 -g3 -DDEBUG -DUSE_HAL_DRIVER -DSTM32F407xx -c -I../Core/Inc -I../Drivers/STM32F4xx_HAL_Driver/Inc -I../Drivers/STM32F4xx_HAL_Driver/Inc/Legacy -I../Drivers/CMSIS/Device/ST/STM32F4xx/Include -I../Drivers/CMSIS/Include -O0 -ffunction-sections -fdata-sections -Wall -fstack-usage -MMD -MP -MF"Core/Src/main.d" -MT"Core/Src/main.o" --specs=nano.specs -mfpu=fpv4-sp-d16 -mfloat-abi=hard -mthumb -o "Core/Src/main.o"
arm-none-eabi-gcc -o "Class_C.elf" @"objects.list"   -mcpu=cortex-m4 -T"C:\Users\kapla\Desktop\staj2\Class_C\STM32F407VGTX_FLASH.ld" --specs=nosys.specs -Wl,-Map="Class_C.map" -Wl,--gc-sections -static --specs=nano.specs -mfpu=fpv4-sp-d16 -mfloat-abi=hard -mthumb -Wl,--start-group -lc -lm -Wl,--end-group
Finished building target: Class_C.elf
 
arm-none-eabi-size   Class_C.elf 
arm-none-eabi-objdump -h -S  Class_C.elf  > "Class_C.list"
arm-none-eabi-objcopy  -O binary  Class_C.elf  "Class_C.bin"
   text	   data	    bss	    dec	    hex	filename
  24836	    124	   2036	  26996	   6974	Class_C.elf
Finished building: default.size.stdout
 
Finished building: Class_C.bin
 
Finished building: Class_C.list
 
15:47:31 **** Incremental Build of configuration Debug for project Class_C ****
make -j8 all 
arm-none-eabi-gcc "../Core/Src/main.c" -mcpu=cortex-m4 -std=gnu11 -g3 -DDEBUG -DUSE_HAL_DRIVER -DSTM32F407xx -c -I../Core/Inc -I../Drivers/STM32F4xx_HAL_Driver/Inc -I../Drivers/STM32F4xx_HAL_Driver/Inc/Legacy -I../Drivers/CMSIS/Device/ST/STM32F4xx/Include -I../Drivers/CMSIS/Include -O0 -ffunction-sections -fdata-sections -Wall -fstack-usage -MMD -MP -MF"Core/Src/main.d" -MT"Core/Src/main.o" --specs=nano.specs -mfpu=fpv4-sp-d16 -mfloat-abi=hard -mthumb -o "Core/Src/main.o"
arm-none-eabi-gcc -o "Class_C.elf" @"objects.list"   -mcpu=cortex-m4 -T"C:\Users\kapla\Desktop\staj2\Class_C\STM32F407VGTX_FLASH.ld" --specs=nosys.specs -Wl,-Map="Class_C.map" -Wl,--gc-sections -static --specs=nano.specs -mfpu=fpv4-sp-d16 -mfloat-abi=hard -mthumb -Wl,--start-group -lc -lm -Wl,--end-group
Finished building target: Class_C.elf
 
arm-none-eabi-size   Class_C.elf 
arm-none-eabi-objdump -h -S  Class_C.elf  > "Class_C.list"
arm-none-eabi-objcopy  -O binary  Class_C.elf  "Class_C.bin"
   text	   data	    bss	    dec	    hex	filename
  24916	    124	   2036	  27076	   69c4	Class_C.elf
Finished building: default.size.stdout
 
Finished building: Class_C.bin
 
Finished building: Class_C.list
 
15:54:05 **** Incremental Build of configuration Debug for project Class_C ****
make -j8 all 
arm-none-eabi-gcc "../Core/Src/main.c" -mcpu=cortex-m4 -std=gnu11 -g3 -DDEBUG -DUSE_HAL_DRIVER -DSTM32F407xx -c -I../Core/Inc -I../Drivers/STM32F4xx_HAL_Driver/Inc -I../Drivers/STM32F4xx_HAL_Driver/Inc/Legacy -I../Drivers/CMSIS/Device/ST/STM32F4xx/Include -I../Drivers/CMSIS/Include -O0 -ffunction-sections -fdata-sections -Wall -fstack-usage -MMD -MP -MF"Core/Src/main.d" -MT"Core/Src/main.o" --specs=nano.specs -mfpu=fpv4-sp-d16 -mfloat-abi=hard -mthumb -o "Core/Src/main.o"
../Core/Src/main.c: In function 'main':
../Core/Src/main.c:252:12: error: too many arguments to function 'HAL_UART_Transmit_IT'
  252 |            HAL_UART_Transmit_IT(&huart2, (uint8_t *)temp_buffer,3, 10);
      |            ^~~~~~~~~~~~~~~~~~~~
In file included from ../Core/Inc/stm32f4xx_hal_conf.h:407,
                 from ../Drivers/STM32F4xx_HAL_Driver/Inc/stm32f4xx_hal.h:30,
                 from ../Core/Inc/main.h:30,
                 from ../Core/Src/main.c:20:
../Drivers/STM32F4xx_HAL_Driver/Inc/stm32f4xx_hal_uart.h:725:19: note: declared here
  725 | HAL_StatusTypeDef HAL_UART_Transmit_IT(UART_HandleTypeDef *huart, uint8_t *pData, uint16_t Size);
      |                   ^~~~~~~~~~~~~~~~~~~~
make: *** [Core/Src/subdir.mk:34: Core/Src/main.o] Error 1
"make -j8 all" terminated with exit code 2. Build might be incomplete.
15:54:29 **** Incremental Build of configuration Debug for project Class_C ****
make -j8 all 
arm-none-eabi-gcc "../Core/Src/main.c" -mcpu=cortex-m4 -std=gnu11 -g3 -DDEBUG -DUSE_HAL_DRIVER -DSTM32F407xx -c -I../Core/Inc -I../Drivers/STM32F4xx_HAL_Driver/Inc -I../Drivers/STM32F4xx_HAL_Driver/Inc/Legacy -I../Drivers/CMSIS/Device/ST/STM32F4xx/Include -I../Drivers/CMSIS/Include -O0 -ffunction-sections -fdata-sections -Wall -fstack-usage -MMD -MP -MF"Core/Src/main.d" -MT"Core/Src/main.o" --specs=nano.specs -mfpu=fpv4-sp-d16 -mfloat-abi=hard -mthumb -o "Core/Src/main.o"
arm-none-eabi-gcc -o "Class_C.elf" @"objects.list"   -mcpu=cortex-m4 -T"C:\Users\kapla\Desktop\staj2\Class_C\STM32F407VGTX_FLASH.ld" --specs=nosys.specs -Wl,-Map="Class_C.map" -Wl,--gc-sections -static --specs=nano.specs -mfpu=fpv4-sp-d16 -mfloat-abi=hard -mthumb -Wl,--start-group -lc -lm -Wl,--end-group
Finished building target: Class_C.elf
 
arm-none-eabi-size   Class_C.elf 
arm-none-eabi-objdump -h -S  Class_C.elf  > "Class_C.list"
arm-none-eabi-objcopy  -O binary  Class_C.elf  "Class_C.bin"
   text	   data	    bss	    dec	    hex	filename
  25052	    124	   2036	  27212	   6a4c	Class_C.elf
Finished building: default.size.stdout
 
Finished building: Class_C.bin
 
Finished building: Class_C.list
 
15:54:40 **** Incremental Build of configuration Debug for project Class_C ****
make -j8 all 
arm-none-eabi-size   Class_C.elf 
   text	   data	    bss	    dec	    hex	filename
  25052	    124	   2036	  27212	   6a4c	Class_C.elf
Finished building: default.size.stdout
 
15:55:54 **** Incremental Build of configuration Debug for project Class_C ****
make -j8 all 
arm-none-eabi-gcc "../Core/Src/main.c" -mcpu=cortex-m4 -std=gnu11 -g3 -DDEBUG -DUSE_HAL_DRIVER -DSTM32F407xx -c -I../Core/Inc -I../Drivers/STM32F4xx_HAL_Driver/Inc -I../Drivers/STM32F4xx_HAL_Driver/Inc/Legacy -I../Drivers/CMSIS/Device/ST/STM32F4xx/Include -I../Drivers/CMSIS/Include -O0 -ffunction-sections -fdata-sections -Wall -fstack-usage -MMD -MP -MF"Core/Src/main.d" -MT"Core/Src/main.o" --specs=nano.specs -mfpu=fpv4-sp-d16 -mfloat-abi=hard -mthumb -o "Core/Src/main.o"
arm-none-eabi-gcc -o "Class_C.elf" @"objects.list"   -mcpu=cortex-m4 -T"C:\Users\kapla\Desktop\staj2\Class_C\STM32F407VGTX_FLASH.ld" --specs=nosys.specs -Wl,-Map="Class_C.map" -Wl,--gc-sections -static --specs=nano.specs -mfpu=fpv4-sp-d16 -mfloat-abi=hard -mthumb -Wl,--start-group -lc -lm -Wl,--end-group
Finished building target: Class_C.elf
 
arm-none-eabi-size   Class_C.elf 
arm-none-eabi-objdump -h -S  Class_C.elf  > "Class_C.list"
arm-none-eabi-objcopy  -O binary  Class_C.elf  "Class_C.bin"
   text	   data	    bss	    dec	    hex	filename
  24916	    124	   2036	  27076	   69c4	Class_C.elf
Finished building: default.size.stdout
 
Finished building: Class_C.bin
 
Finished building: Class_C.list
 
15:55:59 **** Incremental Build of configuration Debug for project Class_C ****
make -j8 all 
arm-none-eabi-size   Class_C.elf 
   text	   data	    bss	    dec	    hex	filename
  24916	    124	   2036	  27076	   69c4	Class_C.elf
Finished building: default.size.stdout
 
16:00:47 **** Incremental Build of configuration Debug for project Class_C ****
make -j8 all 
arm-none-eabi-gcc "../Core/Src/main.c" -mcpu=cortex-m4 -std=gnu11 -g3 -DDEBUG -DUSE_HAL_DRIVER -DSTM32F407xx -c -I../Core/Inc -I../Drivers/STM32F4xx_HAL_Driver/Inc -I../Drivers/STM32F4xx_HAL_Driver/Inc/Legacy -I../Drivers/CMSIS/Device/ST/STM32F4xx/Include -I../Drivers/CMSIS/Include -O0 -ffunction-sections -fdata-sections -Wall -fstack-usage -MMD -MP -MF"Core/Src/main.d" -MT"Core/Src/main.o" --specs=nano.specs -mfpu=fpv4-sp-d16 -mfloat-abi=hard -mthumb -o "Core/Src/main.o"
[...]
arm-none-eabi-gcc -o "Class_C.elf" @"objects.list"   -mcpu=cortex-m4 -T"C:\Users\kapla\Desktop\staj2\Class_C\STM32F407VGTX_FLASH.ld" --specs=nosys.specs -Wl,-Map="Class_C.map" -Wl,--gc-sections -static --specs=nano.specs -mfpu=fpv4-sp-d16 -mfloat-abi=hard -mthumb -Wl,--start-group -lc -lm -Wl,--end-group
Finished building target: Class_C.elf
 
arm-none-eabi-size   Class_C.elf 
arm-none-eabi-objdump -h -S  Class_C.elf  > "Class_C.list"
arm-none-eabi-objcopy  -O binary  Class_C.elf  "Class_C.bin"
   text	   data	    bss	    dec	    hex	filename
  29844	    132	   2172	  32148	   7d94	Class_C.elf
Finished building: default.size.stdout
 
Finished building: Class_C.list
 
Finished building: Class_C.bin
 
13:10:01 **** Incremental Build of configuration Debug for project Class_C ****
make -j8 all 
arm-none-eabi-size   Class_C.elf 
   text	   data	    bss	    dec	    hex	filename
  29844	    132	   2172	  32148	   7d94	Class_C.elf
Finished building: default.size.stdout
 
13:12:56 **** Incremental Build of configuration Debug for project Class_C ****
make -j8 all 
arm-none-eabi-gcc "../Core/Src/main.c" -mcpu=cortex-m4 -std=gnu11 -g3 -DDEBUG -DUSE_HAL_DRIVER -DSTM32F407xx -c -I../Core/Inc -I../Drivers/STM32F4xx_HAL_Driver/Inc -I../Drivers/STM32F4xx_HAL_Driver/Inc/Legacy -I../Drivers/CMSIS/Device/ST/STM32F4xx/Include -I../Drivers/CMSIS/Include -O0 -ffunction-sections -fdata-sections -Wall -fstack-usage -MMD -MP -MF"Core/Src/main.d" -MT"Core/Src/main.o" --specs=nano.specs -mfpu=fpv4-sp-d16 -mfloat-abi=hard -mthumb -o "Core/Src/main.o"
arm-none-eabi-gcc -o "Class_C.elf" @"objects.list"   -mcpu=cortex-m4 -T"C:\Users\kapla\Desktop\staj2\Class_C\STM32F407VGTX_FLASH.ld" --specs=nosys.specs -Wl,-Map="Class_C.map" -Wl,--gc-sections -static --specs=nano.specs -mfpu=fpv4-sp-d16 -mfloat-abi=hard -mthumb -Wl,--start-group -lc -lm -Wl,--end-group
Finished building target: Class_C.elf
 
arm-none-eabi-size   Class_C.elf 
arm-none-eabi-objdump -h -S  Class_C.elf  > "Class_C.list"
arm-none-eabi-objcopy  -O binary  Class_C.elf  "Class_C.bin"
   text	   data	    bss	    dec	    hex	filename
  29844	    132	   2172	  32148	   7d94	Class_C.elf
Finished building: default.size.stdout
 
Finished building: Class_C.bin
 
Finished building: Class_C.list
 
13:25:28 **** Incremental Build of configuration Debug for project Class_C ****
make -j8 all 
arm-none-eabi-gcc "../Core/Src/main.c" -mcpu=cortex-m4 -std=gnu11 -g3 -DDEBUG -DUSE_HAL_DRIVER -DSTM32F407xx -c -I../Core/Inc -I../Drivers/STM32F4xx_HAL_Driver/Inc -I../Drivers/STM32F4xx_HAL_Driver/Inc/Legacy -I../Drivers/CMSIS/Device/ST/STM32F4xx/Include -I../Drivers/CMSIS/Include -O0 -ffunction-sections -fdata-sections -Wall -fstack-usage -MMD -MP -MF"Core/Src/main.d" -MT"Core/Src/main.o" --specs=nano.specs -mfpu=fpv4-sp-d16 -mfloat-abi=hard -mthumb -o "Core/Src/main.o"
arm-none-eabi-gcc -o "Class_C.elf" @"objects.list"   -mcpu=cortex-m4 -T"C:\Users\kapla\Desktop\staj2\Class_C\STM32F407VGTX_FLASH.ld" --specs=nosys.specs -Wl,-Map="Class_C.map" -Wl,--gc-sections -static --specs=nano.specs -mfpu=fpv4-sp-d16 -mfloat-abi=hard -mthumb -Wl,--start-group -lc -lm -Wl,--end-group
Finished building target: Class_C.elf
 
arm-none-eabi-size   Class_C.elf 
arm-none-eabi-objdump -h -S  Class_C.elf  > "Class_C.list"
arm-none-eabi-objcopy  -O binary  Class_C.elf  "Class_C.bin"
   text	   data	    bss	    dec	    hex	filename
  29932	    132	   2172	  32236	   7dec	Class_C.elf
Finished building: Class_C.bin
Finished building: default.size.stdout
 
 
Finished building: Class_C.list
 
13:30:58 **** Incremental Build of configuration Debug for project Class_C ****
make -j8 all 
arm-none-eabi-gcc "../Core/Src/main.c" -mcpu=cortex-m4 -std=gnu11 -g3 -DDEBUG -DUSE_HAL_DRIVER -DSTM32F407xx -c -I../Core/Inc -I../Drivers/STM32F4xx_HAL_Driver/Inc -I../Drivers/STM32F4xx_HAL_Driver/Inc/Legacy -I../Drivers/CMSIS/Device/ST/STM32F4xx/Include -I../Drivers/CMSIS/Include -O0 -ffunction-sections -fdata-sections -Wall -fstack-usage -MMD -MP -MF"Core/Src/main.d" -MT"Core/Src/main.o" --specs=nano.specs -mfpu=fpv4-sp-d16 -mfloat-abi=hard -mthumb -o "Core/Src/main.o"
arm-none-eabi-gcc -o "Class_C.elf" @"objects.list"   -mcpu=cortex-m4 -T"C:\Users\kapla\Desktop\staj2\Class_C\STM32F407VGTX_FLASH.ld" --specs=nosys.specs -Wl,-Map="Class_C.map" -Wl,--gc-sections -static --specs=nano.specs -mfpu=fpv4-sp-d16 -mfloat-abi=hard -mthumb -Wl,--start-group -lc -lm -Wl,--end-group
Finished building target: Class_C.elf
 
arm-none-eabi-size   Class_C.elf 
arm-none-eabi-objdump -h -S  Class_C.elf  > "Class_C.list"
arm-none-eabi-objcopy  -O binary  Class_C.elf  "Class_C.bin"
   text	   data	    bss	    dec	    hex	filename
  29964	    132	   2172	  32268	   7e0c	Class_C.elf
Finished building: Class_C.bin
Finished building: default.size.stdout
 
 
Finished building: Class_C.list
 
13:33:22 **** Incremental Build of configuration Debug for project Class_15 ****
make -j8 all 
arm-none-eabi-size   Class_15.elf 
   text	   data	    bss	    dec	    hex	filename
  11704	    124	   1628	  13456	   3490	Class_15.elf
Finished building: default.size.stdout
 
13:33:23 **** Incremental Build of configuration Debug for project Class_C ****
make -j8 all 
arm-none-eabi-gcc "../Core/Src/main.c" -mcpu=cortex-m4 -std=gnu11 -g3 -DDEBUG -DUSE_HAL_DRIVER -DSTM32F407xx -c -I../Core/Inc -I../Drivers/STM32F4xx_HAL_Driver/Inc -I../Drivers/STM32F4xx_HAL_Driver/Inc/Legacy -I../Drivers/CMSIS/Device/ST/STM32F4xx/Include -I../Drivers/CMSIS/Include -O0 -ffunction-sections -fdata-sections -Wall -fstack-usage -MMD -MP -MF"Core/Src/main.d" -MT"Core/Src/main.o" --specs=nano.specs -mfpu=fpv4-sp-d16 -mfloat-abi=hard -mthumb -o "Core/Src/main.o"
arm-none-eabi-gcc -o "Class_C.elf" @"objects.list"   -mcpu=cortex-m4 -T"C:\Users\kapla\Desktop\staj2\Class_C\STM32F407VGTX_FLASH.ld" --specs=nosys.specs -Wl,-Map="Class_C.map" -Wl,--gc-sections -static --specs=nano.specs -mfpu=fpv4-sp-d16 -mfloat-abi=hard -mthumb -Wl,--start-group -lc -lm -Wl,--end-group
Finished building target: Class_C.elf
 
arm-none-eabi-size   Class_C.elf 
arm-none-eabi-objdump -h -S  Class_C.elf  > "Class_C.list"
arm-none-eabi-objcopy  -O binary  Class_C.elf  "Class_C.bin"
   text	   data	    bss	    dec	    hex	filename
  29964	    132	   2172	  32268	   7e0c	Class_C.elf
Finished building: default.size.stdout
 
Finished building: Class_C.bin
 
Finished building: Class_C.list
 
13:33:36 **** Incremental Build of configuration Debug for project Class_C ****
make -j8 all 
arm-none-eabi-size   Class_C.elf 
   text	   data	    bss	    dec	    hex	filename
  29964	    132	   2172	  32268	   7e0c	Class_C.elf
Finished building: default.size.stdout
 
13:36:23 **** Incremental Build of configuration Debug for project Class_C ****
make -j8 all 
arm-none-eabi-gcc "../Core/Src/main.c" -mcpu=cortex-m4 -std=gnu11 -g3 -DDEBUG -DUSE_HAL_DRIVER -DSTM32F407xx -c -I../Core/Inc -I../Drivers/STM32F4xx_HAL_Driver/Inc -I../Drivers/STM32F4xx_HAL_Driver/Inc/Legacy -I../Drivers/CMSIS/Device/ST/STM32F4xx/Include -I../Drivers/CMSIS/Include -O0 -ffunction-sections -fdata-sections -Wall -fstack-usage -MMD -MP -MF"Core/Src/main.d" -MT"Core/Src/main.o" --specs=nano.specs -mfpu=fpv4-sp-d16 -mfloat-abi=hard -mthumb -o "Core/Src/main.o"
arm-none-eabi-gcc -o "Class_C.elf" @"objects.list"   -mcpu=cortex-m4 -T"C:\Users\kapla\Desktop\staj2\Class_C\STM32F407VGTX_FLASH.ld" --specs=nosys.specs -Wl,-Map="Class_C.map" -Wl,--gc-sections -static --specs=nano.specs -mfpu=fpv4-sp-d16 -mfloat-abi=hard -mthumb -Wl,--start-group -lc -lm -Wl,--end-group
Finished building target: Class_C.elf
 
arm-none-eabi-size   Class_C.elf 
arm-none-eabi-objdump -h -S  Class_C.elf  > "Class_C.list"
arm-none-eabi-objcopy  -O binary  Class_C.elf  "Class_C.bin"
   text	   data	    bss	    dec	    hex	filename
  29964	    132	   2172	  32268	   7e0c	Class_C.elf
Finished building: default.size.stdout
 
Finished building: Class_C.bin
 
Finished building: Class_C.list
 
14:23:07 **** Incremental Build of configuration Debug for project Class_C ****
make -j8 all 
arm-none-eabi-gcc "../Core/Src/main.c" -mcpu=cortex-m4 -std=gnu11 -g3 -DDEBUG -DUSE_HAL_DRIVER -DSTM32F407xx -c -I../Core/Inc -I../Drivers/STM32F4xx_HAL_Driver/Inc -I../Drivers/STM32F4xx_HAL_Driver/Inc/Legacy -I../Drivers/CMSIS/Device/ST/STM32F4xx/Include -I../Drivers/CMSIS/Include -O0 -ffunction-sections -fdata-sections -Wall -fstack-usage -MMD -MP -MF"Core/Src/main.d" -MT"Core/Src/main.o" --specs=nano.specs -mfpu=fpv4-sp-d16 -mfloat-abi=hard -mthumb -o "Core/Src/main.o"
arm-none-eabi-gcc -o "Class_C.elf" @"objects.list"   -mcpu=cortex-m4 -T"C:\Users\kapla\Desktop\staj2\Class_C\STM32F407VGTX_FLASH.ld" --specs=nosys.specs -Wl,-Map="Class_C.map" -Wl,--gc-sections -static --specs=nano.specs -mfpu=fpv4-sp-d16 -mfloat-abi=hard -mthumb -Wl,--start-group -lc -lm -Wl,--end-group
Finished building target: Class_C.elf
 
arm-none-eabi-size   Class_C.elf 
arm-none-eabi-objdump -h -S  Class_C.elf  > "Class_C.list"
arm-none-eabi-objcopy  -O binary  Class_C.elf  "Class_C.bin"
   text	   data	    bss	    dec	    hex	filename
  29964	    132	   2172	  32268	   7e0c	Class_C.elf
Finished building: default.size.stdout
 
Finished building: Class_C.bin
 
Finished building: Class_C.list
 
14:27:03 **** Incremental Build of configuration Debug for project Class_C ****
make -j8 all 
arm-none-eabi-size   Class_C.elf 
   text	   data	    bss	    dec	    hex	filename
  29964	    132	   2172	  32268	   7e0c	Class_C.elf
Finished building: default.size.stdout
 
14:27:14 **** Incremental Build of configuration Debug for project Class_C ****
make -j8 all 
arm-none-eabi-size   Class_C.elf 
   text	   data	    bss	    dec	    hex	filename
  29964	    132	   2172	  32268	   7e0c	Class_C.elf
Finished building: default.size.stdout
 
09:56:50 **** Incremental Build of configuration Debug for project Class_C ****
make -j8 all 
arm-none-eabi-size   Class_C.elf 
   text	   data	    bss	    dec	    hex	filename
  29964	    132	   2172	  32268	   7e0c	Class_C.elf
Finished building: default.size.stdout
 
10:02:48 **** Incremental Build of configuration Debug for project Class_C ****
make -j8 all 
arm-none-eabi-size   Class_C.elf 
   text	   data	    bss	    dec	    hex	filename
  29964	    132	   2172	  32268	   7e0c	Class_C.elf
Finished building: default.size.stdout
 
10:24:28 **** Incremental Build of configuration Debug for project Class_C ****
make -j8 all 
arm-none-eabi-gcc "../Core/Src/main.c" -mcpu=cortex-m4 -std=gnu11 -g3 -DDEBUG -DUSE_HAL_DRIVER -DSTM32F407xx -c -I../Core/Inc -I../Drivers/STM32F4xx_HAL_Driver/Inc -I../Drivers/STM32F4xx_HAL_Driver/Inc/Legacy -I../Drivers/CMSIS/Device/ST/STM32F4xx/Include -I../Drivers/CMSIS/Include -O0 -ffunction-sections -fdata-sections -Wall -fstack-usage -MMD -MP -MF"Core/Src/main.d" -MT"Core/Src/main.o" --specs=nano.specs -mfpu=fpv4-sp-d16 -mfloat-abi=hard -mthumb -o "Core/Src/main.o"
arm-none-eabi-gcc -o "Class_C.elf" @"objects.list"   -mcpu=cortex-m4 -T"C:\Users\kapla\Desktop\staj2\Class_C\STM32F407VGTX_FLASH.ld" --specs=nosys.specs -Wl,-Map="Class_C.map" -Wl,--gc-sections -static --specs=nano.specs -mfpu=fpv4-sp-d16 -mfloat-abi=hard -mthumb -Wl,--start-group -lc -lm -Wl,--end-group
Finished building target: Class_C.elf
 
arm-none-eabi-size   Class_C.elf 
arm-none-eabi-objdump -h -S  Class_C.elf  > "Class_C.list"
arm-none-eabi-objcopy  -O binary  Class_C.elf  "Class_C.bin"
   text	   data	    bss	    dec	    hex	filename
  29980	    132	   2172	  32284	   7e1c	Class_C.elf
Finished building: default.size.stdout
 
Finished building: Class_C.bin
 
Finished building: Class_C.list
 
10:27:39 **** Incremental Build of configuration Debug for project Class_C ****
make -j8 all 
arm-none-eabi-gcc "../Core/Src/main.c" -mcpu=cortex-m4 -std=gnu11 -g3 -DDEBUG -DUSE_HAL_DRIVER -DSTM32F407xx -c -I../Core/Inc -I../Drivers/STM32F4xx_HAL_Driver/Inc -I../Drivers/STM32F4xx_HAL_Driver/Inc/Legacy -I../Drivers/CMSIS/Device/ST/STM32F4xx/Include -I../Drivers/CMSIS/Include -O0 -ffunction-sections -fdata-sections -Wall -fstack-usage -MMD -MP -MF"Core/Src/main.d" -MT"Core/Src/main.o" --specs=nano.specs -mfpu=fpv4-sp-d16 -mfloat-abi=hard -mthumb -o "Core/Src/main.o"
arm-none-eabi-gcc -o "Class_C.elf" @"objects.list"   -mcpu=cortex-m4 -T"C:\Users\kapla\Desktop\staj2\Class_C\STM32F407VGTX_FLASH.ld" --specs=nosys.specs -Wl,-Map="Class_C.map" -Wl,--gc-sections -static --specs=nano.specs -mfpu=fpv4-sp-d16 -mfloat-abi=hard -mthumb -Wl,--start-group -lc -lm -Wl,--end-group
Finished building target: Class_C.elf
 
arm-none-eabi-size   Class_C.elf 
arm-none-eabi-objdump -h -S  Class_C.elf  > "Class_C.list"
arm-none-eabi-objcopy  -O binary  Class_C.elf  "Class_C.bin"
   text	   data	    bss	    dec	    hex	filename
  29996	    132	   2172	  32300	   7e2c	Class_C.elf
Finished building: default.size.stdout
 
Finished building: Class_C.bin
 
Finished building: Class_C.list
 
10:28:45 **** Incremental Build of configuration Debug for project Class_C ****
make -j8 all 
arm-none-eabi-gcc "../Core/Src/main.c" -mcpu=cortex-m4 -std=gnu11 -g3 -DDEBUG -DUSE_HAL_DRIVER -DSTM32F407xx -c -I../Core/Inc -I../Drivers/STM32F4xx_HAL_Driver/Inc -I../Drivers/STM32F4xx_HAL_Driver/Inc/Legacy -I../Drivers/CMSIS/Device/ST/STM32F4xx/Include -I../Drivers/CMSIS/Include -O0 -ffunction-sections -fdata-sections -Wall -fstack-usage -MMD -MP -MF"Core/Src/main.d" -MT"Core/Src/main.o" --specs=nano.specs -mfpu=fpv4-sp-d16 -mfloat-abi=hard -mthumb -o "Core/Src/main.o"
arm-none-eabi-gcc -o "Class_C.elf" @"objects.list"   -mcpu=cortex-m4 -T"C:\Users\kapla\Desktop\staj2\Class_C\STM32F407VGTX_FLASH.ld" --specs=nosys.specs -Wl,-Map="Class_C.map" -Wl,--gc-sections -static --specs=nano.specs -mfpu=fpv4-sp-d16 -mfloat-abi=hard -mthumb -Wl,--start-group -lc -lm -Wl,--end-group
Finished building target: Class_C.elf
 
arm-none-eabi-size   Class_C.elf 
arm-none-eabi-objdump -h -S  Class_C.elf  > "Class_C.list"
arm-none-eabi-objcopy  -O binary  Class_C.elf  "Class_C.bin"
   text	   data	    bss	    dec	    hex	filename
  29996	    132	   2172	  32300	   7e2c	Class_C.elf
Finished building: default.size.stdout
 
Finished building: Class_C.bin
 
Finished building: Class_C.list
 
08:38:47 **** Build of configuration Debug for project Class_C ****
make -j8 all 
arm-none-eabi-gcc "../Core/Src/main.c" -mcpu=cortex-m4 -std=gnu11 -g3 -DDEBUG -DUSE_HAL_DRIVER -DSTM32F407xx -c -I../Core/Inc -I../Drivers/STM32F4xx_HAL_Driver/Inc -I../Drivers/STM32F4xx_HAL_Driver/Inc/Legacy -I../Drivers/CMSIS/Device/ST/STM32F4xx/Include -I../Drivers/CMSIS/Include -O0 -ffunction-sections -fdata-sections -Wall -fstack-usage -MMD -MP -MF"Core/Src/main.d" -MT"Core/Src/main.o" --specs=nano.specs -mfpu=fpv4-sp-d16 -mfloat-abi=hard -mthumb -o "Core/Src/main.o"
arm-none-eabi-gcc -o "Class_C.elf" @"objects.list"   -mcpu=cortex-m4 -T"C:\Users\kapla\Desktop\staj2\Class_C\STM32F407VGTX_FLASH.ld" --specs=nosys.specs -Wl,-Map="Class_C.map" -Wl,--gc-sections -static --specs=nano.specs -mfpu=fpv4-sp-d16 -mfloat-abi=hard -mthumb -Wl,--start-group -lc -lm -Wl,--end-group
Finished building target: Class_C.elf
 
arm-none-eabi-size   Class_C.elf 
arm-none-eabi-objdump -h -S  Class_C.elf  > "Class_C.list"
arm-none-eabi-objcopy  -O binary  Class_C.elf  "Class_C.bin"
   text	   data	    bss	    dec	    hex	filename
  30036	    132	   2172	  32340	   7e54	Class_C.elf
Finished building: default.size.stdout
 
Finished building: Class_C.bin
 
Finished building: Class_C.list
 
08:38:58 **** Incremental Build of configuration Debug for project Class_C ****
make -j8 all 
arm-none-eabi-size   Class_C.elf 
   text	   data	    bss	    dec	    hex	filename
  30036	    132	   2172	  32340	   7e54	Class_C.elf
Finished building: default.size.stdout
 
08:41:16 **** Incremental Build of configuration Debug for project Class_C ****
make -j8 all 
arm-none-eabi-gcc "../Core/Src/main.c" -mcpu=cortex-m4 -std=gnu11 -g3 -DDEBUG -DUSE_HAL_DRIVER -DSTM32F407xx -c -I../Core/Inc -I../Drivers/STM32F4xx_HAL_Driver/Inc -I../Drivers/STM32F4xx_HAL_Driver/Inc/Legacy -I../Drivers/CMSIS/Device/ST/STM32F4xx/Include -I../Drivers/CMSIS/Include -O0 -ffunction-sections -fdata-sections -Wall -fstack-usage -MMD -MP -MF"Core/Src/main.d" -MT"Core/Src/main.o" --specs=nano.specs -mfpu=fpv4-sp-d16 -mfloat-abi=hard -mthumb -o "Core/Src/main.o"
../Core/Src/main.c: In function 'HAL_UART_RxCpltCallback':
../Core/Src/main.c:138:11: error: 'datasize' undeclared (first use in this function); did you mean 'dataSize'?
  138 |   else if(datasize<3){
      |           ^~~~~~~~
      |           dataSize
../Core/Src/main.c:138:11: note: each undeclared identifier is reported only once for each function it appears in
make: *** [Core/Src/subdir.mk:37: Core/Src/main.o] Error 1
"make -j8 all" terminated with exit code 2. Build might be incomplete.
08:41:30 **** Incremental Build of configuration Debug for project Class_C ****
make -j8 all 
arm-none-eabi-gcc "../Core/Src/main.c" -mcpu=cortex-m4 -std=gnu11 -g3 -DDEBUG -DUSE_HAL_DRIVER -DSTM32F407xx -c -I../Core/Inc -I../Drivers/STM32F4xx_HAL_Driver/Inc -I../Drivers/STM32F4xx_HAL_Driver/Inc/Legacy -I../Drivers/CMSIS/Device/ST/STM32F4xx/Include -I../Drivers/CMSIS/Include -O0 -ffunction-sections -fdata-sections -Wall -fstack-usage -MMD -MP -MF"Core/Src/main.d" -MT"Core/Src/main.o" --specs=nano.specs -mfpu=fpv4-sp-d16 -mfloat-abi=hard -mthumb -o "Core/Src/main.o"
arm-none-eabi-gcc -o "Class_C.elf" @"objects.list"   -mcpu=cortex-m4 -T"C:\Users\kapla\Desktop\staj2\Class_C\STM32F407VGTX_FLASH.ld" --specs=nosys.specs -Wl,-Map="Class_C.map" -Wl,--gc-sections -static --specs=nano.specs -mfpu=fpv4-sp-d16 -mfloat-abi=hard -mthumb -Wl,--start-group -lc -lm -Wl,--end-group
Finished building target: Class_C.elf
 
arm-none-eabi-size   Class_C.elf 
arm-none-eabi-objdump -h -S  Class_C.elf  > "Class_C.list"
arm-none-eabi-objcopy  -O binary  Class_C.elf  "Class_C.bin"
   text	   data	    bss	    dec	    hex	filename
  30028	    132	   2172	  32332	   7e4c	Class_C.elf
Finished building: default.size.stdout
 
Finished building: Class_C.bin
 
Finished building: Class_C.list
 
08:41:33 **** Incremental Build of configuration Debug for project Class_C ****
make -j8 all 
arm-none-eabi-size   Class_C.elf 
   text	   data	    bss	    dec	    hex	filename
  30028	    132	   2172	  32332	   7e4c	Class_C.elf
Finished building: default.size.stdout
 
08:48:50 **** Incremental Build of configuration Debug for project Class_C ****
make -j8 all 
arm-none-eabi-gcc "../Core/Src/main.c" -mcpu=cortex-m4 -std=gnu11 -g3 -DDEBUG -DUSE_HAL_DRIVER -DSTM32F407xx -c -I../Core/Inc -I../Drivers/STM32F4xx_HAL_Driver/Inc -I../Drivers/STM32F4xx_HAL_Driver/Inc/Legacy -I../Drivers/CMSIS/Device/ST/STM32F4xx/Include -I../Drivers/CMSIS/Include -O0 -ffunction-sections -fdata-sections -Wall -fstack-usage -MMD -MP -MF"Core/Src/main.d" -MT"Core/Src/main.o" --specs=nano.specs -mfpu=fpv4-sp-d16 -mfloat-abi=hard -mthumb -o "Core/Src/main.o"
arm-none-eabi-gcc -o "Class_C.elf" @"objects.list"   -mcpu=cortex-m4 -T"C:\Users\kapla\Desktop\staj2\Class_C\STM32F407VGTX_FLASH.ld" --specs=nosys.specs -Wl,-Map="Class_C.map" -Wl,--gc-sections -static --specs=nano.specs -mfpu=fpv4-sp-d16 -mfloat-abi=hard -mthumb -Wl,--start-group -lc -lm -Wl,--end-group
Finished building target: Class_C.elf
 
arm-none-eabi-size   Class_C.elf 
arm-none-eabi-objdump -h -S  Class_C.elf  > "Class_C.list"
arm-none-eabi-objcopy  -O binary  Class_C.elf  "Class_C.bin"
   text	   data	    bss	    dec	    hex	filename
  30036	    132	   2172	  32340	   7e54	Class_C.elf
Finished building: default.size.stdout
 
Finished building: Class_C.bin
 
Finished building: Class_C.list
 
08:48:55 **** Incremental Build of configuration Debug for project Class_C ****
make -j8 all 
arm-none-eabi-size   Class_C.elf 
   text	   data	    bss	    dec	    hex	filename
  30036	    132	   2172	  32340	   7e54	Class_C.elf
Finished building: default.size.stdout
 
